###############################################################################
#
# IAR ELF Linker V7.60.1.11101/W32 for ARM                13/May/2024  16:07:01
# Copyright 2007-2016 IAR Systems AB.
#
#    Output file  =  
#        E:\Today\240513_Limiter_Release_0513\V3.3.2.3_CC_Limiter_V2.0_ADC\EWARM\Mini_DTG\Exe\Mini_DTG.out
#    Map file     =  
#        E:\Today\240513_Limiter_Release_0513\V3.3.2.3_CC_Limiter_V2.0_ADC\EWARM\Mini_DTG\List\Mini_DTG.map
#    Command line =  
#        E:\Today\240513_Limiter_Release_0513\V3.3.2.3_CC_Limiter_V2.0_ADC\EWARM\Mini_DTG\Obj\adc.o
#        E:\Today\240513_Limiter_Release_0513\V3.3.2.3_CC_Limiter_V2.0_ADC\EWARM\Mini_DTG\Obj\ble.o
#        E:\Today\240513_Limiter_Release_0513\V3.3.2.3_CC_Limiter_V2.0_ADC\EWARM\Mini_DTG\Obj\bsp_int.o
#        E:\Today\240513_Limiter_Release_0513\V3.3.2.3_CC_Limiter_V2.0_ADC\EWARM\Mini_DTG\Obj\can.o
#        E:\Today\240513_Limiter_Release_0513\V3.3.2.3_CC_Limiter_V2.0_ADC\EWARM\Mini_DTG\Obj\cli.o
#        E:\Today\240513_Limiter_Release_0513\V3.3.2.3_CC_Limiter_V2.0_ADC\EWARM\Mini_DTG\Obj\cmsis_os.o
#        E:\Today\240513_Limiter_Release_0513\V3.3.2.3_CC_Limiter_V2.0_ADC\EWARM\Mini_DTG\Obj\croutine.o
#        E:\Today\240513_Limiter_Release_0513\V3.3.2.3_CC_Limiter_V2.0_ADC\EWARM\Mini_DTG\Obj\debug.o
#        E:\Today\240513_Limiter_Release_0513\V3.3.2.3_CC_Limiter_V2.0_ADC\EWARM\Mini_DTG\Obj\delay.o
#        E:\Today\240513_Limiter_Release_0513\V3.3.2.3_CC_Limiter_V2.0_ADC\EWARM\Mini_DTG\Obj\diskio.o
#        E:\Today\240513_Limiter_Release_0513\V3.3.2.3_CC_Limiter_V2.0_ADC\EWARM\Mini_DTG\Obj\dtg.o
#        E:\Today\240513_Limiter_Release_0513\V3.3.2.3_CC_Limiter_V2.0_ADC\EWARM\Mini_DTG\Obj\event_groups.o
#        E:\Today\240513_Limiter_Release_0513\V3.3.2.3_CC_Limiter_V2.0_ADC\EWARM\Mini_DTG\Obj\extern.o
#        E:\Today\240513_Limiter_Release_0513\V3.3.2.3_CC_Limiter_V2.0_ADC\EWARM\Mini_DTG\Obj\fatfs.o
#        E:\Today\240513_Limiter_Release_0513\V3.3.2.3_CC_Limiter_V2.0_ADC\EWARM\Mini_DTG\Obj\ff.o
#        E:\Today\240513_Limiter_Release_0513\V3.3.2.3_CC_Limiter_V2.0_ADC\EWARM\Mini_DTG\Obj\ff_gen_drv.o
#        E:\Today\240513_Limiter_Release_0513\V3.3.2.3_CC_Limiter_V2.0_ADC\EWARM\Mini_DTG\Obj\freertos.o
#        E:\Today\240513_Limiter_Release_0513\V3.3.2.3_CC_Limiter_V2.0_ADC\EWARM\Mini_DTG\Obj\fsmc_nand.o
#        E:\Today\240513_Limiter_Release_0513\V3.3.2.3_CC_Limiter_V2.0_ADC\EWARM\Mini_DTG\Obj\gui.o
#        E:\Today\240513_Limiter_Release_0513\V3.3.2.3_CC_Limiter_V2.0_ADC\EWARM\Mini_DTG\Obj\heap_4.o
#        E:\Today\240513_Limiter_Release_0513\V3.3.2.3_CC_Limiter_V2.0_ADC\EWARM\Mini_DTG\Obj\i2c_fram.o
#        E:\Today\240513_Limiter_Release_0513\V3.3.2.3_CC_Limiter_V2.0_ADC\EWARM\Mini_DTG\Obj\i2c_gsensor.o
#        E:\Today\240513_Limiter_Release_0513\V3.3.2.3_CC_Limiter_V2.0_ADC\EWARM\Mini_DTG\Obj\i2c_lcd.o
#        E:\Today\240513_Limiter_Release_0513\V3.3.2.3_CC_Limiter_V2.0_ADC\EWARM\Mini_DTG\Obj\list.o
#        E:\Today\240513_Limiter_Release_0513\V3.3.2.3_CC_Limiter_V2.0_ADC\EWARM\Mini_DTG\Obj\main.o
#        E:\Today\240513_Limiter_Release_0513\V3.3.2.3_CC_Limiter_V2.0_ADC\EWARM\Mini_DTG\Obj\modem.o
#        E:\Today\240513_Limiter_Release_0513\V3.3.2.3_CC_Limiter_V2.0_ADC\EWARM\Mini_DTG\Obj\modem_Loop.o
#        E:\Today\240513_Limiter_Release_0513\V3.3.2.3_CC_Limiter_V2.0_ADC\EWARM\Mini_DTG\Obj\modem_sms.o
#        E:\Today\240513_Limiter_Release_0513\V3.3.2.3_CC_Limiter_V2.0_ADC\EWARM\Mini_DTG\Obj\modem_tool.o
#        E:\Today\240513_Limiter_Release_0513\V3.3.2.3_CC_Limiter_V2.0_ADC\EWARM\Mini_DTG\Obj\nmeap.o
#        E:\Today\240513_Limiter_Release_0513\V3.3.2.3_CC_Limiter_V2.0_ADC\EWARM\Mini_DTG\Obj\port.o
#        E:\Today\240513_Limiter_Release_0513\V3.3.2.3_CC_Limiter_V2.0_ADC\EWARM\Mini_DTG\Obj\portasm.o
#        E:\Today\240513_Limiter_Release_0513\V3.3.2.3_CC_Limiter_V2.0_ADC\EWARM\Mini_DTG\Obj\queue.o
#        E:\Today\240513_Limiter_Release_0513\V3.3.2.3_CC_Limiter_V2.0_ADC\EWARM\Mini_DTG\Obj\rtc.o
#        E:\Today\240513_Limiter_Release_0513\V3.3.2.3_CC_Limiter_V2.0_ADC\EWARM\Mini_DTG\Obj\spi_flash.o
#        E:\Today\240513_Limiter_Release_0513\V3.3.2.3_CC_Limiter_V2.0_ADC\EWARM\Mini_DTG\Obj\startup_stm32f407xx.o
#        E:\Today\240513_Limiter_Release_0513\V3.3.2.3_CC_Limiter_V2.0_ADC\EWARM\Mini_DTG\Obj\stm32f4xx_hal.o
#        E:\Today\240513_Limiter_Release_0513\V3.3.2.3_CC_Limiter_V2.0_ADC\EWARM\Mini_DTG\Obj\stm32f4xx_hal_adc.o
#        E:\Today\240513_Limiter_Release_0513\V3.3.2.3_CC_Limiter_V2.0_ADC\EWARM\Mini_DTG\Obj\stm32f4xx_hal_adc_ex.o
#        E:\Today\240513_Limiter_Release_0513\V3.3.2.3_CC_Limiter_V2.0_ADC\EWARM\Mini_DTG\Obj\stm32f4xx_hal_can.o
#        E:\Today\240513_Limiter_Release_0513\V3.3.2.3_CC_Limiter_V2.0_ADC\EWARM\Mini_DTG\Obj\stm32f4xx_hal_cortex.o
#        E:\Today\240513_Limiter_Release_0513\V3.3.2.3_CC_Limiter_V2.0_ADC\EWARM\Mini_DTG\Obj\stm32f4xx_hal_dma.o
#        E:\Today\240513_Limiter_Release_0513\V3.3.2.3_CC_Limiter_V2.0_ADC\EWARM\Mini_DTG\Obj\stm32f4xx_hal_dma_ex.o
#        E:\Today\240513_Limiter_Release_0513\V3.3.2.3_CC_Limiter_V2.0_ADC\EWARM\Mini_DTG\Obj\stm32f4xx_hal_flash.o
#        E:\Today\240513_Limiter_Release_0513\V3.3.2.3_CC_Limiter_V2.0_ADC\EWARM\Mini_DTG\Obj\stm32f4xx_hal_flash_ex.o
#        E:\Today\240513_Limiter_Release_0513\V3.3.2.3_CC_Limiter_V2.0_ADC\EWARM\Mini_DTG\Obj\stm32f4xx_hal_flash_ramfunc.o
#        E:\Today\240513_Limiter_Release_0513\V3.3.2.3_CC_Limiter_V2.0_ADC\EWARM\Mini_DTG\Obj\stm32f4xx_hal_gpio.o
#        E:\Today\240513_Limiter_Release_0513\V3.3.2.3_CC_Limiter_V2.0_ADC\EWARM\Mini_DTG\Obj\stm32f4xx_hal_hcd.o
#        E:\Today\240513_Limiter_Release_0513\V3.3.2.3_CC_Limiter_V2.0_ADC\EWARM\Mini_DTG\Obj\stm32f4xx_hal_i2c.o
#        E:\Today\240513_Limiter_Release_0513\V3.3.2.3_CC_Limiter_V2.0_ADC\EWARM\Mini_DTG\Obj\stm32f4xx_hal_i2c_ex.o
#        E:\Today\240513_Limiter_Release_0513\V3.3.2.3_CC_Limiter_V2.0_ADC\EWARM\Mini_DTG\Obj\stm32f4xx_hal_iwdg.o
#        E:\Today\240513_Limiter_Release_0513\V3.3.2.3_CC_Limiter_V2.0_ADC\EWARM\Mini_DTG\Obj\stm32f4xx_hal_msp.o
#        E:\Today\240513_Limiter_Release_0513\V3.3.2.3_CC_Limiter_V2.0_ADC\EWARM\Mini_DTG\Obj\stm32f4xx_hal_nand.o
#        E:\Today\240513_Limiter_Release_0513\V3.3.2.3_CC_Limiter_V2.0_ADC\EWARM\Mini_DTG\Obj\stm32f4xx_hal_pwr.o
#        E:\Today\240513_Limiter_Release_0513\V3.3.2.3_CC_Limiter_V2.0_ADC\EWARM\Mini_DTG\Obj\stm32f4xx_hal_pwr_ex.o
#        E:\Today\240513_Limiter_Release_0513\V3.3.2.3_CC_Limiter_V2.0_ADC\EWARM\Mini_DTG\Obj\stm32f4xx_hal_rcc.o
#        E:\Today\240513_Limiter_Release_0513\V3.3.2.3_CC_Limiter_V2.0_ADC\EWARM\Mini_DTG\Obj\stm32f4xx_hal_rcc_ex.o
#        E:\Today\240513_Limiter_Release_0513\V3.3.2.3_CC_Limiter_V2.0_ADC\EWARM\Mini_DTG\Obj\stm32f4xx_hal_rtc.o
#        E:\Today\240513_Limiter_Release_0513\V3.3.2.3_CC_Limiter_V2.0_ADC\EWARM\Mini_DTG\Obj\stm32f4xx_hal_rtc_ex.o
#        E:\Today\240513_Limiter_Release_0513\V3.3.2.3_CC_Limiter_V2.0_ADC\EWARM\Mini_DTG\Obj\stm32f4xx_hal_spi.o
#        E:\Today\240513_Limiter_Release_0513\V3.3.2.3_CC_Limiter_V2.0_ADC\EWARM\Mini_DTG\Obj\stm32f4xx_hal_tim.o
#        E:\Today\240513_Limiter_Release_0513\V3.3.2.3_CC_Limiter_V2.0_ADC\EWARM\Mini_DTG\Obj\stm32f4xx_hal_tim_ex.o
#        E:\Today\240513_Limiter_Release_0513\V3.3.2.3_CC_Limiter_V2.0_ADC\EWARM\Mini_DTG\Obj\stm32f4xx_hal_timebase_TIM.o
#        E:\Today\240513_Limiter_Release_0513\V3.3.2.3_CC_Limiter_V2.0_ADC\EWARM\Mini_DTG\Obj\stm32f4xx_hal_uart.o
#        E:\Today\240513_Limiter_Release_0513\V3.3.2.3_CC_Limiter_V2.0_ADC\EWARM\Mini_DTG\Obj\stm32f4xx_it.o
#        E:\Today\240513_Limiter_Release_0513\V3.3.2.3_CC_Limiter_V2.0_ADC\EWARM\Mini_DTG\Obj\stm32f4xx_ll_fsmc.o
#        E:\Today\240513_Limiter_Release_0513\V3.3.2.3_CC_Limiter_V2.0_ADC\EWARM\Mini_DTG\Obj\stm32f4xx_ll_usb.o
#        E:\Today\240513_Limiter_Release_0513\V3.3.2.3_CC_Limiter_V2.0_ADC\EWARM\Mini_DTG\Obj\sys_struct.o
#        E:\Today\240513_Limiter_Release_0513\V3.3.2.3_CC_Limiter_V2.0_ADC\EWARM\Mini_DTG\Obj\syscall.o
#        E:\Today\240513_Limiter_Release_0513\V3.3.2.3_CC_Limiter_V2.0_ADC\EWARM\Mini_DTG\Obj\system_stm32f4xx.o
#        E:\Today\240513_Limiter_Release_0513\V3.3.2.3_CC_Limiter_V2.0_ADC\EWARM\Mini_DTG\Obj\tasks.o
#        E:\Today\240513_Limiter_Release_0513\V3.3.2.3_CC_Limiter_V2.0_ADC\EWARM\Mini_DTG\Obj\test_jig.o
#        E:\Today\240513_Limiter_Release_0513\V3.3.2.3_CC_Limiter_V2.0_ADC\EWARM\Mini_DTG\Obj\timer.o
#        E:\Today\240513_Limiter_Release_0513\V3.3.2.3_CC_Limiter_V2.0_ADC\EWARM\Mini_DTG\Obj\timers.o
#        E:\Today\240513_Limiter_Release_0513\V3.3.2.3_CC_Limiter_V2.0_ADC\EWARM\Mini_DTG\Obj\uart.o
#        E:\Today\240513_Limiter_Release_0513\V3.3.2.3_CC_Limiter_V2.0_ADC\EWARM\Mini_DTG\Obj\usb_host.o
#        E:\Today\240513_Limiter_Release_0513\V3.3.2.3_CC_Limiter_V2.0_ADC\EWARM\Mini_DTG\Obj\usbh_conf.o
#        E:\Today\240513_Limiter_Release_0513\V3.3.2.3_CC_Limiter_V2.0_ADC\EWARM\Mini_DTG\Obj\usbh_core.o
#        E:\Today\240513_Limiter_Release_0513\V3.3.2.3_CC_Limiter_V2.0_ADC\EWARM\Mini_DTG\Obj\usbh_ctlreq.o
#        E:\Today\240513_Limiter_Release_0513\V3.3.2.3_CC_Limiter_V2.0_ADC\EWARM\Mini_DTG\Obj\usbh_diskio.o
#        E:\Today\240513_Limiter_Release_0513\V3.3.2.3_CC_Limiter_V2.0_ADC\EWARM\Mini_DTG\Obj\usbh_ioreq.o
#        E:\Today\240513_Limiter_Release_0513\V3.3.2.3_CC_Limiter_V2.0_ADC\EWARM\Mini_DTG\Obj\usbh_msc.o
#        E:\Today\240513_Limiter_Release_0513\V3.3.2.3_CC_Limiter_V2.0_ADC\EWARM\Mini_DTG\Obj\usbh_msc_bot.o
#        E:\Today\240513_Limiter_Release_0513\V3.3.2.3_CC_Limiter_V2.0_ADC\EWARM\Mini_DTG\Obj\usbh_msc_scsi.o
#        E:\Today\240513_Limiter_Release_0513\V3.3.2.3_CC_Limiter_V2.0_ADC\EWARM\Mini_DTG\Obj\usbh_pipes.o
#        E:\Today\240513_Limiter_Release_0513\V3.3.2.3_CC_Limiter_V2.0_ADC\EWARM\Mini_DTG\Obj\usbuser.o
#        --redirect _Printf=_PrintfFull --redirect _Scanf=_ScanfFull -o
#        E:\Today\240513_Limiter_Release_0513\V3.3.2.3_CC_Limiter_V2.0_ADC\EWARM\Mini_DTG\Exe\Mini_DTG.out
#        --map
#        E:\Today\240513_Limiter_Release_0513\V3.3.2.3_CC_Limiter_V2.0_ADC\EWARM\Mini_DTG\List\Mini_DTG.map
#        --config
#        E:\Today\240513_Limiter_Release_0513\V3.3.2.3_CC_Limiter_V2.0_ADC\EWARM/stm32f407xx_flash.icf
#        --semihosting --entry __iar_program_start --vfe
#
###############################################################################

*******************************************************************************
*** RUNTIME MODEL ATTRIBUTES
***

CppFlavor                     = *
__Heap_Handler                = DLMalloc
__SystemLibrary               = DLib
__dlib_dynamic_initialization = normal


*******************************************************************************
*** PLACEMENT SUMMARY
***

"A1":  place at 0x08010000 { ro section .intvec };
"P1":  place in [from 0x10000000 to 0x1000ffff] { section EXTCCRAM };
"P2":  place in [from 0x08010000 to 0x080fffff] { ro };
"P3":  place in [from 0x20000000 to 0x2001ffff] { rw, block CSTACK, block HEAP };
initialize by copy { rw, section EXTCCRAM };

  Section             Kind        Address     Size  Object
  -------             ----        -------     ----  ------
"A1":                                        0x188
  .intvec             ro code  0x08010000    0x188  startup_stm32f407xx.o [1]
                             - 0x08010188    0x188

"P2":                                      0x30dd6
  .text               ro code  0x08010188   0x3810  gui.o [1]
  .text               ro code  0x08013998    0x8ee  i2c_lcd.o [1]
  .text               ro code  0x08014286     0x1e  xsscin.o [3]
  .text               ro code  0x080142a4     0x76  ABImemcpy_unaligned.o [5]
  .text               ro code  0x0801431a      0xa  xsprout.o [3]
  .text               ro code  0x08014324     0x66  ABImemset.o [5]
  .rodata             const    0x0801438a      0x1  cli.o [1]
  .text               ro code  0x0801438c    0xae8  i2c_fram.o [1]
  .text               ro code  0x08014e74      0x8  abs.o [3]
  .text               ro code  0x08014e7c    0x3d0  rtc.o [1]
  .text               ro code  0x0801524c    0x714  main.o [1]
  .text               ro code  0x08015960   0x31a8  modem.o [1]
  .text               ro code  0x08018b08   0x2680  dtg.o [1]
  .text               ro code  0x0801b188    0x20c  cmsis_os.o [1]
  .text               ro code  0x0801b394    0x3a0  stm32f4xx_hal_gpio.o [1]
  .text               ro code  0x0801b734    0x148  timer.o [1]
  .text               ro code  0x0801b87c     0x2c  vsprintf.o [3]
  .text               ro code  0x0801b8a8     0x24  delay.o [1]
  .text               ro code  0x0801b8cc    0x654  cli.o [1]
  .text               ro code  0x0801bf20    0x650  stm32f4xx_hal_rcc.o [1]
  .text               ro code  0x0801c570    0x168  stm32f4xx_hal_rcc_ex.o [1]
  .text               ro code  0x0801c6d8      0xc  stm32f4xx_hal_pwr.o [1]
  .text               ro code  0x0801c6e4    0x1bc  stm32f4xx_hal_rtc_ex.o [1]
  .text               ro code  0x0801c8a0    0x41a  stm32f4xx_hal_rtc.o [1]
  .text               ro code  0x0801ccbc     0x34  stm32f4xx_hal_pwr_ex.o [1]
  .text               ro code  0x0801ccf0     0xf4  mktime.o [3]
  .text               ro code  0x0801cde4      0xa  gmtime.o [3]
  .text               ro code  0x0801cdf0    0xd0c  fsmc_nand.o [1]
  .text               ro code  0x0801dafc   0x1c68  can.o [1]
  .text               ro code  0x0801f764     0x74  stm32f4xx_hal.o [1]
  .text               ro code  0x0801f7d8    0x128  adc.o [1]
  .text               ro code  0x0801f900    0x2e4  uart.o [1]
  .text               ro code  0x0801fbe4    0x790  modem_tool.o [1]
  .text               ro code  0x08020374     0x64  sys_struct.o [1]
  .text               ro code  0x080203d8     0x2c  spi_flash.o [1]
  .text               ro code  0x08020404    0x168  stm32f4xx_hal_cortex.o [1]
  .text               ro code  0x0802056c     0x50  stm32f4xx_hal_iwdg.o [1]
  .text               ro code  0x080205bc    0x71c  extern.o [1]
  .text               ro code  0x08020cd8    0xadc  tasks.o [1]
  .text               ro code  0x080217b4      0x8  modem_sms.o [1]
  .text               ro code  0x080217bc     0x34  sprintf.o [3]
  .text               ro code  0x080217f0   0x1b60  modem_sms.o [1]
  .text               ro code  0x08023350   0x15e0  modem_Loop.o [1]
  .text               ro code  0x08024930   0x13d0  ble.o [1]
  .text               ro code  0x08025d00    0x1a2  DblMul.o [4]
  .text               ro code  0x08025ea4     0x58  DblToI32.o [4]
  .text               ro code  0x08025efc   0x252c  ff.o [1]
  .text               ro code  0x08028428    0x790  i2c_gsensor.o [1]
  .text               ro code  0x08028bb8    0x74c  test_jig.o [1]
  .text               ro code  0x08029304    0x470  timers.o [1]
  .text               ro code  0x08029774    0x89a  queue.o [1]
  .text               ro code  0x0802a010    0x254  port.o [1]
  .text               ro code  0x0802a264    0x2b0  bsp_int.o [1]
  .text               ro code  0x0802a514    0x962  stm32f4xx_hal_tim.o [1]
  .text               ro code  0x0802ae78     0x60  stm32f4xx_hal_tim_ex.o [1]
  .text               ro code  0x0802aed8    0x630  stm32f4xx_hal_msp.o [1]
  .text               ro code  0x0802b508   0x119e  xprintffull.o [3]
  .text               ro code  0x0802c6a8     0x24  sscanf.o [3]
  .text               ro code  0x0802c6cc     0x20  debug.o [1]
  .text               ro code  0x0802c6ec     0x42  strcmp_unaligned.o [5]
  .text               ro code  0x0802c730     0x36  strlen.o [5]
  .text               ro code  0x0802c768     0xbc  debug.o [1]
  .text               ro code  0x0802c824     0x90  stm32f4xx_hal_timebase_TIM.o [1]
  .text               ro code  0x0802c8b4     0xee  I64DivMod.o [5]
  .text               ro code  0x0802c9a4    0x1bc  xttotm.o [3]
  .text               ro code  0x0802cb60     0xa8  localtim.o [3]
  .text               ro code  0x0802cc08     0x6a  stm32f4xx_hal_nand.o [1]
  .text               ro code  0x0802cc74    0xa48  stm32f4xx_hal_can.o [1]
  .text               ro code  0x0802d6bc     0x30  I32ToDbl.o [4]
  .text               ro code  0x0802d6ec    0x50e  stm32f4xx_hal_adc.o [1]
  .text               ro code  0x0802dbfc    0x7a8  stm32f4xx_hal_uart.o [1]
  .text               ro code  0x0802e3a4    0x260  heap_4.o [1]
  .text               ro code  0x0802e604     0x98  list.o [1]
  .text               ro code  0x0802e69c      0x4  freertos.o [1]
  .text               ro code  0x0802e6a0     0x2e  strstr.o [3]
  .text               ro code  0x0802e6d0      0x6  ABImemclr4.o [5]
  .text               ro code  0x0802e6d8     0x20  srand.o [3]
  .text               ro code  0x0802e6f8     0xe0  rand.o [3]
  .text               ro code  0x0802e7d8     0xb0  diskio.o [1]
  .text               ro code  0x0802e888     0x54  fatfs.o [1]
  .text               ro code  0x0802e8dc    0x256  DblDiv.o [4]
  .text               ro code  0x0802eb34    0x180  DblSub.o [4]
  .text               ro code  0x0802ecb4     0xe8  DblAdd.o [4]
  CODE                ro code  0x0802ed9c     0xa8  portasm.o [1]
  .text               ro code  0x0802ee44    0x48c  stm32f4xx_hal_dma.o [1]
  .text               ro code  0x0802f2d0     0x20  xmbtowc.o [3]
  .text               ro code  0x0802f2f0     0x16  strchr.o [5]
  .text               ro code  0x0802f308     0x58  memchr.o [5]
  .text               ro code  0x0802f360      0xa  xmbcurmax.o [3]
  .text               ro code  0x0802f36c   0x14f4  dlmalloc.o [3]
  .text               ro code  0x08030860     0x1a  xwctomb.o [3]
  .text               ro code  0x0803087a     0x44  xdnorm.o [4]
  .text               ro code  0x080308c0     0x2e  DblCmpLe.o [4]
  .text               ro code  0x080308f0     0x2e  DblCmpGe.o [4]
  .text               ro code  0x08030920    0x114  xdscale.o [4]
  .text               ro code  0x08030a34     0x6c  localeconv.o [3]
  .text               ro code  0x08030aa0      0xe  div.o [3]
  .text               ro code  0x08030ab0    0xcf0  xscanffull.o [3]
  .text               ro code  0x080317a0      0xa  debug.o [1]
  .text               ro code  0x080317aa     0x16  debug.o [1]
  .text               ro code  0x080317c0     0x30  debug.o [1]
  .text               ro code  0x080317f0     0x2a  debug.o [1]
  .text               ro code  0x0803181a     0x1c  debug.o [1]
  .text               ro code  0x08031836     0x16  debug.o [1]
  .text               ro code  0x0803184c      0x2  I64DivZer.o [5]
  .text               ro code  0x0803184e      0x2  xtls.o [3]
  .text               ro code  0x08031850    0x148  xisdst.o [3]
  .text               ro code  0x08031998     0x54  setlocale.o [3]
  .text               ro code  0x080319ec      0xa  getzone.o [3]
  .text               ro code  0x080319f6     0x42  xgettime.o [3]
  .text               ro code  0x08031a38     0x88  xstol.o [3]
  .text               ro code  0x08031ac0     0xb8  stm32f4xx_ll_fsmc.o [1]
  .text               ro code  0x08031b78     0x32  ABImemset48.o [5]
  .text               ro code  0x08031bac     0x64  ff_gen_drv.o [1]
  .text               ro code  0x08031c10     0x60  xencoding_sb.o [3]
  .text               ro code  0x08031c70      0x6  abort.o [3]
  .text               ro code  0x08031c78     0x2c  xgetmemchunk.o [3]
  .text               ro code  0x08031ca4     0x40  xwctob.o [3]
  .text               ro code  0x08031ce4     0x28  isxxx.o [3]
  .text               ro code  0x08031d0c     0xa6  xstoll.o [3]
  .text               ro code  0x08031db4    0x1b0  xstoull.o [3]
  .text               ro code  0x08031f64    0x168  xstold.o [4]
  .text               ro code  0x080320cc     0x90  DblToFlt.o [4]
  .text               ro code  0x0803215c     0x38  debug.o [1]
  .text               ro code  0x08032194    0x15e  xgetdst.o [3]
  .text               ro code  0x080322f4    0x198  xstoul.o [3]
  .text               ro code  0x0803248c      0xc  errno.o [3]
  .text               ro code  0x08032498     0x14  exit.o [6]
  .text               ro code  0x080324ac     0x16  xlocale_c.o [3]
  .text               ro code  0x080324c2     0x14  xlocale_c.o [3]
  .text               ro code  0x080324d6     0x14  tolower.o [3]
  .text               ro code  0x080324ea    0x122  xstopfx.o [3]
  .text               ro code  0x0803260c    0x1d0  xstoflt.o [3]
  .rodata             const    0x080327dc     0x64  dtg.o [1]
  .text               ro code  0x08032840    0x200  xdtento.o [4]
  .text               ro code  0x08032a40    0x234  xstoxflt.o [3]
  .text               ro code  0x08032c74      0xc  xlocale_c.o [3]
  .text               ro code  0x08032c80     0x20  DblCmpEq.o [4]
  .text               ro code  0x08032ca0     0x52  xdunscal.o [4]
  .rodata             const    0x08032cf4   0x2d00  i2c_lcd.o [1]
  .rodata             const    0x080359f4   0x125c  ff.o [1]
  .rodata             const    0x08036c50   0x125c  i2c_lcd.o [1]
  .text               ro code  0x08037eac   0x11fc  usbuser.o [1]
  .text               ro code  0x080390a8    0x8d8  usbh_msc.o [1]
  .text               ro code  0x08039980    0x5b2  usbh_core.o [1]
  .text               ro code  0x08039f34     0x64  usb_host.o [1]
  .text               ro code  0x08039f98     0xa2  usbh_pipes.o [1]
  .text               ro code  0x0803a03c    0x380  usbh_msc_bot.o [1]
  .text               ro code  0x0803a3bc    0x384  usbh_conf.o [1]
  .text               ro code  0x0803a740    0x576  usbh_ctlreq.o [1]
  .text               ro code  0x0803acb6    0x3ce  usbh_msc_scsi.o [1]
  .text               ro code  0x0803b084     0xd0  usbh_ioreq.o [1]
  .text               ro code  0x0803b154   0x10f0  stm32f4xx_hal_hcd.o [1]
  .text               ro code  0x0803c244    0x902  stm32f4xx_ll_usb.o [1]
  .text               ro code  0x0803cb48    0xb2c  nmeap.o [1]
  .text               ro code  0x0803d674     0x24  ABIassert.o [6]
  .text               ro code  0x0803d698     0x10  atof.o [4]
  .text               ro code  0x0803d6a8     0x6c  strncpy_unaligned.o [5]
  .text               ro code  0x0803d714     0x2c  strncmp.o [3]
  .text               ro code  0x0803d740     0x1a  isalnum.o [3]
  .text               ro code  0x0803d75a     0x1e  isxdigit.o [3]
  .text               ro code  0x0803d778      0x8  atoi.o [3]
  .text               ro code  0x0803d780    0x168  xstod.o [4]
  .rodata             const    0x0803d8e8    0x800  i2c_lcd.o [1]
  .text               ro code  0x0803e0e8    0x278  stm32f4xx_it.o [1]
  .rodata             const    0x0803e360    0x200  extern.o [1]
  .rodata             const    0x0803e560    0x1e0  i2c_lcd.o [1]
  .text               ro code  0x0803e740    0x13c  usbh_diskio.o [1]
  .rodata             const    0x0803e87c     0xa0  gui.o [1]
  .rodata             const    0x0803e91c     0x80  cli.o [1]
  .rodata             const    0x0803e99c     0x80  usbuser.o [1]
  .rodata             const    0x0803ea1c     0x70  usbuser.o [1]
  .text               ro code  0x0803ea8c     0x70  system_stm32f4xx.o [1]
  .rodata             const    0x0803eafc     0x68  dtg.o [1]
  .rodata             const    0x0803eb64     0x58  debug.o [1]
  .rodata             const    0x0803ebbc     0x58  debug.o [1]
  .rodata             const    0x0803ec14     0x58  fsmc_nand.o [1]
  .rodata             const    0x0803ec6c     0x54  bsp_int.o [1]
  .rodata             const    0x0803ecc0     0x54  main.o [1]
  .rodata             const    0x0803ed14     0x54  nmeap.o [1]
  .rodata             const    0x0803ed68     0x54  stm32f4xx_hal_msp.o [1]
  .rodata             const    0x0803edbc     0x54  timer.o [1]
  .rodata             const    0x0803ee10     0x54  uart.o [1]
  .rodata             const    0x0803ee64     0x50  adc.o [1]
  .rodata             const    0x0803eeb4     0x50  can.o [1]
  .rodata             const    0x0803ef04     0x50  gui.o [1]
  .rodata             const    0x0803ef54     0x50  rtc.o [1]
  .rodata             const    0x0803efa4     0x4c  usbh_conf.o [1]
  .rodata             const    0x0803eff0     0x48  dtg.o [1]
  .rodata             const    0x0803f038     0x44  dtg.o [1]
  .text               ro code  0x0803f07c     0x40  zero_init3.o [5]
  .rodata             const    0x0803f0bc     0x3c  modem_Loop.o [1]
  .rodata             const    0x0803f0f8     0x3c  usbuser.o [1]
  .rodata             const    0x0803f134     0x38  cli.o [1]
  .text               ro code  0x0803f16c     0x38  packbits_init_single.o [5]
  .rodata             const    0x0803f1a4     0x34  cli.o [1]
  .rodata             const    0x0803f1d8     0x34  modem.o [1]
  .rodata             const    0x0803f20c     0x34  modem_Loop.o [1]
  .rodata             const    0x0803f240     0x34  nmeap.o [1]
  .rodata             const    0x0803f274     0x34  nmeap.o [1]
  .rodata             const    0x0803f2a8     0x30  modem.o [1]
  .rodata             const    0x0803f2d8     0x30  modem.o [1]
  .rodata             const    0x0803f308     0x2c  dtg.o [1]
  .rodata             const    0x0803f334     0x2c  modem.o [1]
  .rodata             const    0x0803f360     0x28  debug.o [1]
  .rodata             const    0x0803f388     0x28  gui.o [1]
  .rodata             const    0x0803f3b0     0x28  modem.o [1]
  .rodata             const    0x0803f3d8     0x28  modem.o [1]
  .text               ro code  0x0803f400     0x28  data_init.o [5]
  .rodata             const    0x0803f428     0x24  cli.o [1]
  .rodata             const    0x0803f44c     0x24  cli.o [1]
  .rodata             const    0x0803f470     0x24  gui.o [1]
  .rodata             const    0x0803f494     0x24  modem.o [1]
  .rodata             const    0x0803f4b8     0x24  modem.o [1]
  .rodata             const    0x0803f4dc     0x24  modem_sms.o [1]
  .rodata             const    0x0803f500     0x24  modem_sms.o [1]
  .rodata             const    0x0803f524     0x24  modem_sms.o [1]
  .rodata             const    0x0803f548     0x24  usbuser.o [1]
  .text               ro code  0x0803f56c     0x22  fpinit_M.o [4]
  .iar.init_table     const    0x0803f590     0x28  - Linker created -
  .rodata             const    0x0803f5b8     0x20  ble.o [1]
  .rodata             const    0x0803f5d8     0x20  cli.o [1]
  .rodata             const    0x0803f5f8     0x20  fsmc_nand.o [1]
  .rodata             const    0x0803f618     0x20  fsmc_nand.o [1]
  .rodata             const    0x0803f638     0x20  fsmc_nand.o [1]
  .rodata             const    0x0803f658     0x20  fsmc_nand.o [1]
  .rodata             const    0x0803f678     0x20  fsmc_nand.o [1]
  .rodata             const    0x0803f698     0x20  i2c_lcd.o [1]
  .rodata             const    0x0803f6b8     0x20  i2c_lcd.o [1]
  .rodata             const    0x0803f6d8     0x20  modem.o [1]
  .rodata             const    0x0803f6f8     0x20  modem.o [1]
  .rodata             const    0x0803f718     0x20  modem.o [1]
  .rodata             const    0x0803f738     0x20  modem.o [1]
  .rodata             const    0x0803f758     0x20  modem.o [1]
  .rodata             const    0x0803f778     0x20  modem.o [1]
  .rodata             const    0x0803f798     0x20  modem.o [1]
  .rodata             const    0x0803f7b8     0x20  modem.o [1]
  .rodata             const    0x0803f7d8     0x20  modem.o [1]
  .rodata             const    0x0803f7f8     0x20  modem_Loop.o [1]
  .rodata             const    0x0803f818     0x20  modem_sms.o [1]
  .rodata             const    0x0803f838     0x20  modem_sms.o [1]
  .rodata             const    0x0803f858     0x20  modem_sms.o [1]
  .rodata             const    0x0803f878     0x20  nmeap.o [1]
  .rodata             const    0x0803f898     0x1c  ble.o [1]
  .rodata             const    0x0803f8b4     0x1c  cli.o [1]
  .rodata             const    0x0803f8d0     0x1c  cli.o [1]
  .rodata             const    0x0803f8ec     0x1c  dtg.o [1]
  .rodata             const    0x0803f908     0x1c  dtg.o [1]
  .rodata             const    0x0803f924     0x1c  gui.o [1]
  .rodata             const    0x0803f940     0x1c  gui.o [1]
  .rodata             const    0x0803f95c     0x1c  i2c_fram.o [1]
  .rodata             const    0x0803f978     0x1c  i2c_fram.o [1]
  .rodata             const    0x0803f994     0x1c  modem.o [1]
  .rodata             const    0x0803f9b0     0x1c  modem.o [1]
  .rodata             const    0x0803f9cc     0x1c  modem.o [1]
  .rodata             const    0x0803f9e8     0x1c  modem.o [1]
  .rodata             const    0x0803fa04     0x1c  modem.o [1]
  .rodata             const    0x0803fa20     0x1c  modem.o [1]
  .rodata             const    0x0803fa3c     0x1c  modem.o [1]
  .rodata             const    0x0803fa58     0x1c  modem_Loop.o [1]
  .rodata             const    0x0803fa74     0x1c  modem_sms.o [1]
  .rodata             const    0x0803fa90     0x1c  modem_sms.o [1]
  .rodata             const    0x0803faac     0x1c  modem_sms.o [1]
  .rodata             const    0x0803fac8     0x1c  usbuser.o [1]
  .rodata             const    0x0803fae4     0x1c  usbuser.o [1]
  .text               ro code  0x0803fb00     0x1a  cmain.o [5]
  .text               ro code  0x0803fb1a      0x4  low_level_init.o [3]
  .text               ro code  0x0803fb1e      0x4  exit.o [3]
  .text               ro code  0x0803fb24      0xa  cexit.o [5]
  .rodata             const    0x0803fb30     0x18  cli.o [1]
  .rodata             const    0x0803fb48     0x18  dtg.o [1]
  .rodata             const    0x0803fb60     0x18  fsmc_nand.o [1]
  .rodata             const    0x0803fb78     0x18  gui.o [1]
  .rodata             const    0x0803fb90     0x18  gui.o [1]
  .rodata             const    0x0803fba8     0x18  i2c_lcd.o [1]
  .rodata             const    0x0803fbc0     0x18  i2c_lcd.o [1]
  .rodata             const    0x0803fbd8     0x18  i2c_lcd.o [1]
  .rodata             const    0x0803fbf0     0x18  i2c_lcd.o [1]
  .rodata             const    0x0803fc08     0x18  modem.o [1]
  .rodata             const    0x0803fc20     0x18  modem.o [1]
  .rodata             const    0x0803fc38     0x18  modem.o [1]
  .rodata             const    0x0803fc50     0x18  modem.o [1]
  .rodata             const    0x0803fc68     0x18  modem.o [1]
  .rodata             const    0x0803fc80     0x18  modem.o [1]
  .rodata             const    0x0803fc98     0x18  modem.o [1]
  .rodata             const    0x0803fcb0     0x18  modem.o [1]
  .rodata             const    0x0803fcc8     0x18  modem.o [1]
  .rodata             const    0x0803fce0     0x18  modem.o [1]
  .rodata             const    0x0803fcf8     0x18  modem.o [1]
  .rodata             const    0x0803fd10     0x18  modem.o [1]
  .rodata             const    0x0803fd28     0x18  modem.o [1]
  .rodata             const    0x0803fd40     0x18  modem.o [1]
  .rodata             const    0x0803fd58     0x18  modem_Loop.o [1]
  .rodata             const    0x0803fd70     0x18  modem_sms.o [1]
  .rodata             const    0x0803fd88     0x18  modem_sms.o [1]
  .rodata             const    0x0803fda0     0x18  modem_sms.o [1]
  .rodata             const    0x0803fdb8     0x18  modem_sms.o [1]
  .rodata             const    0x0803fdd0     0x18  nmeap.o [1]
  .rodata             const    0x0803fde8     0x18  rtc.o [1]
  .rodata             const    0x0803fe00     0x18  usbuser.o [1]
  .rodata             const    0x0803fe18     0x18  usbuser.o [1]
  .rodata             const    0x0803fe30     0x18  usbuser.o [1]
  .rodata             const    0x0803fe48     0x18  usbuser.o [1]
  .rodata             const    0x0803fe60     0x18  usbuser.o [1]
  .rodata             const    0x0803fe78     0x18  usbuser.o [1]
  .rodata             const    0x0803fe90     0x14  ble.o [1]
  .rodata             const    0x0803fea4     0x14  ble.o [1]
  .rodata             const    0x0803feb8     0x14  cli.o [1]
  .rodata             const    0x0803fecc     0x14  dtg.o [1]
  .rodata             const    0x0803fee0     0x14  fsmc_nand.o [1]
  .rodata             const    0x0803fef4     0x14  fsmc_nand.o [1]
  .rodata             const    0x0803ff08     0x14  gui.o [1]
  .rodata             const    0x0803ff1c     0x14  gui.o [1]
  .rodata             const    0x0803ff30     0x14  gui.o [1]
  .rodata             const    0x0803ff44     0x14  gui.o [1]
  .rodata             const    0x0803ff58     0x14  gui.o [1]
  .rodata             const    0x0803ff6c     0x14  gui.o [1]
  .rodata             const    0x0803ff80     0x14  gui.o [1]
  .rodata             const    0x0803ff94     0x14  gui.o [1]
  .rodata             const    0x0803ffa8     0x14  gui.o [1]
  .rodata             const    0x0803ffbc     0x14  gui.o [1]
  .rodata             const    0x0803ffd0     0x14  gui.o [1]
  .rodata             const    0x0803ffe4     0x14  gui.o [1]
  .rodata             const    0x0803fff8     0x14  gui.o [1]
  .rodata             const    0x0804000c     0x14  gui.o [1]
  .rodata             const    0x08040020     0x14  gui.o [1]
  .rodata             const    0x08040034     0x14  gui.o [1]
  .rodata             const    0x08040048     0x14  gui.o [1]
  .rodata             const    0x0804005c     0x14  gui.o [1]
  .rodata             const    0x08040070     0x14  gui.o [1]
  .rodata             const    0x08040084     0x14  gui.o [1]
  .rodata             const    0x08040098     0x14  gui.o [1]
  .rodata             const    0x080400ac     0x14  gui.o [1]
  .rodata             const    0x080400c0     0x14  gui.o [1]
  .rodata             const    0x080400d4     0x14  gui.o [1]
  .rodata             const    0x080400e8     0x14  gui.o [1]
  .rodata             const    0x080400fc     0x14  gui.o [1]
  .rodata             const    0x08040110     0x14  gui.o [1]
  .rodata             const    0x08040124     0x14  gui.o [1]
  .rodata             const    0x08040138     0x14  gui.o [1]
  .rodata             const    0x0804014c     0x14  gui.o [1]
  .rodata             const    0x08040160     0x14  gui.o [1]
  .rodata             const    0x08040174     0x14  gui.o [1]
  .rodata             const    0x08040188     0x14  gui.o [1]
  .rodata             const    0x0804019c     0x14  gui.o [1]
  .rodata             const    0x080401b0     0x14  gui.o [1]
  .rodata             const    0x080401c4     0x14  gui.o [1]
  .rodata             const    0x080401d8     0x14  gui.o [1]
  .rodata             const    0x080401ec     0x14  gui.o [1]
  .rodata             const    0x08040200     0x14  gui.o [1]
  .rodata             const    0x08040214     0x14  main.o [1]
  .rodata             const    0x08040228     0x14  main.o [1]
  .rodata             const    0x0804023c     0x14  main.o [1]
  .rodata             const    0x08040250     0x14  main.o [1]
  .rodata             const    0x08040264     0x14  main.o [1]
  .rodata             const    0x08040278     0x14  main.o [1]
  .rodata             const    0x0804028c     0x14  main.o [1]
  .rodata             const    0x080402a0     0x14  main.o [1]
  .rodata             const    0x080402b4     0x14  main.o [1]
  .rodata             const    0x080402c8     0x14  main.o [1]
  .rodata             const    0x080402dc     0x14  modem.o [1]
  .rodata             const    0x080402f0     0x14  modem.o [1]
  .rodata             const    0x08040304     0x14  modem.o [1]
  .rodata             const    0x08040318     0x14  modem.o [1]
  .rodata             const    0x0804032c     0x14  modem_sms.o [1]
  .rodata             const    0x08040340     0x14  nmeap.o [1]
  .rodata             const    0x08040354     0x14  stm32f4xx_it.o [1]
  .rodata             const    0x08040368     0x14  usbh_diskio.o [1]
  .rodata             const    0x0804037c     0x14  usbuser.o [1]
  .rodata             const    0x08040390     0x14  usbuser.o [1]
  .rodata             const    0x080403a4     0x14  usbuser.o [1]
  .rodata             const    0x080403b8     0x14  usbuser.o [1]
  .rodata             const    0x080403cc     0x14  usbuser.o [1]
  .rodata             const    0x080403e0     0x14  usbuser.o [1]
  .rodata             const    0x080403f4     0x14  usbuser.o [1]
  .rodata             const    0x08040408     0x14  usbuser.o [1]
  .rodata             const    0x0804041c     0x10  ble.o [1]
  .rodata             const    0x0804042c     0x10  ble.o [1]
  .rodata             const    0x0804043c     0x10  dtg.o [1]
  .rodata             const    0x0804044c     0x10  extern.o [1]
  .rodata             const    0x0804045c     0x10  ff.o [1]
  .rodata             const    0x0804046c     0x10  gui.o [1]
  .rodata             const    0x0804047c     0x10  gui.o [1]
  .rodata             const    0x0804048c     0x10  gui.o [1]
  .rodata             const    0x0804049c     0x10  gui.o [1]
  .rodata             const    0x080404ac     0x10  i2c_fram.o [1]
  .rodata             const    0x080404bc     0x10  i2c_fram.o [1]
  .rodata             const    0x080404cc     0x10  i2c_fram.o [1]
  .rodata             const    0x080404dc     0x10  i2c_fram.o [1]
  .rodata             const    0x080404ec     0x10  main.o [1]
  .rodata             const    0x080404fc     0x10  modem.o [1]
  .rodata             const    0x0804050c     0x10  modem.o [1]
  .rodata             const    0x0804051c     0x10  modem.o [1]
  .rodata             const    0x0804052c     0x10  modem.o [1]
  .rodata             const    0x0804053c     0x10  modem.o [1]
  .rodata             const    0x0804054c     0x10  modem.o [1]
  .rodata             const    0x0804055c     0x10  modem.o [1]
  .rodata             const    0x0804056c     0x10  modem.o [1]
  .rodata             const    0x0804057c     0x10  modem.o [1]
  .rodata             const    0x0804058c     0x10  modem.o [1]
  .rodata             const    0x0804059c     0x10  modem.o [1]
  .rodata             const    0x080405ac     0x10  modem.o [1]
  .rodata             const    0x080405bc     0x10  modem.o [1]
  .rodata             const    0x080405cc     0x10  modem.o [1]
  .rodata             const    0x080405dc     0x10  modem.o [1]
  .rodata             const    0x080405ec     0x10  modem.o [1]
  .rodata             const    0x080405fc     0x10  modem.o [1]
  .rodata             const    0x0804060c     0x10  modem.o [1]
  .rodata             const    0x0804061c     0x10  modem.o [1]
  .rodata             const    0x0804062c     0x10  modem.o [1]
  .rodata             const    0x0804063c     0x10  modem.o [1]
  .rodata             const    0x0804064c     0x10  modem.o [1]
  .rodata             const    0x0804065c     0x10  modem.o [1]
  .rodata             const    0x0804066c     0x10  modem.o [1]
  .rodata             const    0x0804067c     0x10  modem_Loop.o [1]
  .rodata             const    0x0804068c     0x10  modem_Loop.o [1]
  .rodata             const    0x0804069c     0x10  modem_Loop.o [1]
  .rodata             const    0x080406ac     0x10  modem_sms.o [1]
  .rodata             const    0x080406bc     0x10  modem_sms.o [1]
  .rodata             const    0x080406cc     0x10  modem_sms.o [1]
  .rodata             const    0x080406dc     0x10  modem_sms.o [1]
  .rodata             const    0x080406ec     0x10  modem_sms.o [1]
  .rodata             const    0x080406fc     0x10  modem_sms.o [1]
  .rodata             const    0x0804070c     0x10  modem_sms.o [1]
  .rodata             const    0x0804071c     0x10  modem_sms.o [1]
  .rodata             const    0x0804072c     0x10  nmeap.o [1]
  .rodata             const    0x0804073c     0x10  nmeap.o [1]
  .rodata             const    0x0804074c     0x10  nmeap.o [1]
  .rodata             const    0x0804075c     0x10  stm32f4xx_it.o [1]
  .rodata             const    0x0804076c     0x10  stm32f4xx_it.o [1]
  .rodata             const    0x0804077c     0x10  system_stm32f4xx.o [1]
  .rodata             const    0x0804078c     0x10  usbuser.o [1]
  .rodata             const    0x0804079c     0x10  usbuser.o [1]
  .rodata             const    0x080407ac     0x10  usbuser.o [1]
  .rodata             const    0x080407bc     0x10  usbuser.o [1]
  .rodata             const    0x080407cc     0x10  usbuser.o [1]
  .rodata             const    0x080407dc     0x10  usbuser.o [1]
  .text               ro code  0x080407ec     0x10  startup_stm32f407xx.o [1]
  .rodata             const    0x080407fc      0xc  ble.o [1]
  .rodata             const    0x08040808      0xc  ble.o [1]
  .rodata             const    0x08040814      0xc  ble.o [1]
  .rodata             const    0x08040820      0xc  cli.o [1]
  .rodata             const    0x0804082c      0xc  cli.o [1]
  .rodata             const    0x08040838      0xc  dtg.o [1]
  .rodata             const    0x08040844      0xc  dtg.o [1]
  .rodata             const    0x08040850      0xc  extern.o [1]
  .rodata             const    0x0804085c      0xc  extern.o [1]
  .rodata             const    0x08040868      0xc  extern.o [1]
  .rodata             const    0x08040874      0xc  ff.o [1]
  .rodata             const    0x08040880      0xc  fsmc_nand.o [1]
  .rodata             const    0x0804088c      0xc  fsmc_nand.o [1]
  .rodata             const    0x08040898      0xc  fsmc_nand.o [1]
  .rodata             const    0x080408a4      0xc  gui.o [1]
  .rodata             const    0x080408b0      0xc  gui.o [1]
  .rodata             const    0x080408bc      0xc  gui.o [1]
  .rodata             const    0x080408c8      0xc  gui.o [1]
  .rodata             const    0x080408d4      0xc  gui.o [1]
  .rodata             const    0x080408e0      0xc  gui.o [1]
  .rodata             const    0x080408ec      0xc  gui.o [1]
  .rodata             const    0x080408f8      0xc  gui.o [1]
  .rodata             const    0x08040904      0xc  gui.o [1]
  .rodata             const    0x08040910      0xc  i2c_fram.o [1]
  .rodata             const    0x0804091c      0xc  i2c_fram.o [1]
  .rodata             const    0x08040928      0xc  i2c_fram.o [1]
  .rodata             const    0x08040934      0xc  i2c_fram.o [1]
  .rodata             const    0x08040940      0xc  main.o [1]
  .rodata             const    0x0804094c      0xc  main.o [1]
  .rodata             const    0x08040958      0xc  main.o [1]
  .rodata             const    0x08040964      0xc  main.o [1]
  .rodata             const    0x08040970      0xc  main.o [1]
  .rodata             const    0x0804097c      0xc  main.o [1]
  .rodata             const    0x08040988      0xc  main.o [1]
  .rodata             const    0x08040994      0xc  main.o [1]
  .rodata             const    0x080409a0      0xc  main.o [1]
  .rodata             const    0x080409ac      0xc  main.o [1]
  .rodata             const    0x080409b8      0xc  modem.o [1]
  .rodata             const    0x080409c4      0xc  modem.o [1]
  .rodata             const    0x080409d0      0xc  modem.o [1]
  .rodata             const    0x080409dc      0xc  modem.o [1]
  .rodata             const    0x080409e8      0xc  modem.o [1]
  .rodata             const    0x080409f4      0xc  modem.o [1]
  .rodata             const    0x08040a00      0xc  modem.o [1]
  .rodata             const    0x08040a0c      0xc  modem.o [1]
  .rodata             const    0x08040a18      0xc  modem.o [1]
  .rodata             const    0x08040a24      0xc  modem.o [1]
  .rodata             const    0x08040a30      0xc  modem.o [1]
  .rodata             const    0x08040a3c      0xc  modem.o [1]
  .rodata             const    0x08040a48      0xc  modem.o [1]
  .rodata             const    0x08040a54      0xc  modem.o [1]
  .rodata             const    0x08040a60      0xc  modem.o [1]
  .rodata             const    0x08040a6c      0xc  modem.o [1]
  .rodata             const    0x08040a78      0xc  modem.o [1]
  .rodata             const    0x08040a84      0xc  modem.o [1]
  .rodata             const    0x08040a90      0xc  modem.o [1]
  .rodata             const    0x08040a9c      0xc  modem.o [1]
  .rodata             const    0x08040aa8      0xc  modem.o [1]
  .rodata             const    0x08040ab4      0xc  modem.o [1]
  .rodata             const    0x08040ac0      0xc  modem.o [1]
  .rodata             const    0x08040acc      0xc  modem.o [1]
  .rodata             const    0x08040ad8      0xc  modem_Loop.o [1]
  .rodata             const    0x08040ae4      0xc  modem_sms.o [1]
  .rodata             const    0x08040af0      0xc  modem_sms.o [1]
  .rodata             const    0x08040afc      0xc  modem_sms.o [1]
  .rodata             const    0x08040b08      0xc  modem_sms.o [1]
  .rodata             const    0x08040b14      0xc  modem_sms.o [1]
  .rodata             const    0x08040b20      0xc  modem_sms.o [1]
  .rodata             const    0x08040b2c      0xc  modem_sms.o [1]
  .rodata             const    0x08040b38      0xc  modem_sms.o [1]
  .rodata             const    0x08040b44      0xc  modem_sms.o [1]
  .rodata             const    0x08040b50      0xc  modem_sms.o [1]
  .rodata             const    0x08040b5c      0xc  modem_sms.o [1]
  .rodata             const    0x08040b68      0xc  nmeap.o [1]
  .rodata             const    0x08040b74      0xc  nmeap.o [1]
  .rodata             const    0x08040b80      0xc  nmeap.o [1]
  .rodata             const    0x08040b8c      0xc  stm32f4xx_it.o [1]
  .rodata             const    0x08040b98      0xc  usbuser.o [1]
  .text               ro code  0x08040ba4      0xc  cstartup_M.o [5]
  .rodata             const    0x08040bb0      0x8  ble.o [1]
  .rodata             const    0x08040bb8      0x8  ble.o [1]
  .rodata             const    0x08040bc0      0x8  ble.o [1]
  .rodata             const    0x08040bc8      0x8  can.o [1]
  .rodata             const    0x08040bd0      0x8  cli.o [1]
  .rodata             const    0x08040bd8      0x8  cli.o [1]
  .rodata             const    0x08040be0      0x8  cli.o [1]
  .rodata             const    0x08040be8      0x8  cli.o [1]
  .rodata             const    0x08040bf0      0x8  cli.o [1]
  .rodata             const    0x08040bf8      0x8  cli.o [1]
  .rodata             const    0x08040c00      0x8  cli.o [1]
  .rodata             const    0x08040c08      0x8  dtg.o [1]
  .rodata             const    0x08040c10      0x8  dtg.o [1]
  .rodata             const    0x08040c18      0x8  dtg.o [1]
  .rodata             const    0x08040c20      0x8  dtg.o [1]
  .rodata             const    0x08040c28      0x8  dtg.o [1]
  .rodata             const    0x08040c30      0x8  ff.o [1]
  .rodata             const    0x08040c38      0x8  fsmc_nand.o [1]
  .rodata             const    0x08040c40      0x8  fsmc_nand.o [1]
  .rodata             const    0x08040c48      0x8  gui.o [1]
  .rodata             const    0x08040c50      0x8  gui.o [1]
  .rodata             const    0x08040c58      0x8  gui.o [1]
  .rodata             const    0x08040c60      0x8  gui.o [1]
  .rodata             const    0x08040c68      0x8  gui.o [1]
  .rodata             const    0x08040c70      0x8  gui.o [1]
  .rodata             const    0x08040c78      0x8  gui.o [1]
  .rodata             const    0x08040c80      0x8  gui.o [1]
  .rodata             const    0x08040c88      0x8  gui.o [1]
  .rodata             const    0x08040c90      0x8  gui.o [1]
  .rodata             const    0x08040c98      0x8  gui.o [1]
  .rodata             const    0x08040ca0      0x8  gui.o [1]
  .rodata             const    0x08040ca8      0x8  gui.o [1]
  .rodata             const    0x08040cb0      0x8  gui.o [1]
  .rodata             const    0x08040cb8      0x8  gui.o [1]
  .rodata             const    0x08040cc0      0x8  gui.o [1]
  .rodata             const    0x08040cc8      0x8  gui.o [1]
  .rodata             const    0x08040cd0      0x8  gui.o [1]
  .rodata             const    0x08040cd8      0x8  gui.o [1]
  .rodata             const    0x08040ce0      0x8  gui.o [1]
  .rodata             const    0x08040ce8      0x8  gui.o [1]
  .rodata             const    0x08040cf0      0x8  gui.o [1]
  .rodata             const    0x08040cf8      0x8  i2c_fram.o [1]
  .rodata             const    0x08040d00      0x8  i2c_fram.o [1]
  .rodata             const    0x08040d08      0x8  i2c_fram.o [1]
  .rodata             const    0x08040d10      0x8  i2c_gsensor.o [1]
  .rodata             const    0x08040d18      0x8  modem.o [1]
  .rodata             const    0x08040d20      0x8  modem.o [1]
  .rodata             const    0x08040d28      0x8  modem.o [1]
  .rodata             const    0x08040d30      0x8  modem.o [1]
  .rodata             const    0x08040d38      0x8  modem.o [1]
  .rodata             const    0x08040d40      0x8  modem.o [1]
  .rodata             const    0x08040d48      0x8  modem.o [1]
  .rodata             const    0x08040d50      0x8  modem.o [1]
  .rodata             const    0x08040d58      0x8  modem.o [1]
  .rodata             const    0x08040d60      0x8  modem_sms.o [1]
  .rodata             const    0x08040d68      0x8  modem_sms.o [1]
  .rodata             const    0x08040d70      0x8  modem_sms.o [1]
  .rodata             const    0x08040d78      0x8  nmeap.o [1]
  .rodata             const    0x08040d80      0x8  nmeap.o [1]
  .rodata             const    0x08040d88      0x8  nmeap.o [1]
  .rodata             const    0x08040d90      0x8  nmeap.o [1]
  .rodata             const    0x08040d98      0x8  nmeap.o [1]
  .rodata             const    0x08040da0      0x8  rtc.o [1]
  .rodata             const    0x08040da8      0x8  stm32f4xx_hal_dma.o [1]
  .rodata             const    0x08040db0      0x8  system_stm32f4xx.o [1]
  .rodata             const    0x08040db8      0x8  tasks.o [1]
  .rodata             const    0x08040dc0      0x8  timers.o [1]
  .rodata             const    0x08040dc8      0x8  timers.o [1]
  .rodata             const    0x08040dd0      0x8  usbuser.o [1]
  .rodata             const    0x08040dd8      0x8  usbuser.o [1]
  .rodata             const    0x08040de0      0x4  cli.o [1]
  .rodata             const    0x08040de4      0x4  cli.o [1]
  .rodata             const    0x08040de8      0x4  cli.o [1]
  .rodata             const    0x08040dec      0x4  cli.o [1]
  .rodata             const    0x08040df0      0x4  cli.o [1]
  .rodata             const    0x08040df4      0x4  fsmc_nand.o [1]
  .rodata             const    0x08040df8      0x4  heap_4.o [1]
  .rodata             const    0x08040dfc      0x4  i2c_fram.o [1]
  .rodata             const    0x08040e00      0x4  i2c_lcd.o [1]
  .rodata             const    0x08040e04      0x4  main.o [1]
  .rodata             const    0x08040e08      0x4  port.o [1]
  .rodata             const    0x08040e0c      0x4  rtc.o [1]
  .rodata             const    0x08040e10      0x4  spi_flash.o [1]
  .rodata             const    0x08040e14      0x4  usbh_msc.o [1]
  .text               ro code  0x08040e18      0x4  startup_stm32f407xx.o [1]
  .text               ro code  0x08040e1c      0x4  startup_stm32f407xx.o [1]
  .text               ro code  0x08040e20      0x4  startup_stm32f407xx.o [1]
  .text               ro code  0x08040e24      0x4  startup_stm32f407xx.o [1]
  .text               ro code  0x08040e28      0x4  startup_stm32f407xx.o [1]
  .text               ro code  0x08040e2c      0x4  startup_stm32f407xx.o [1]
  .text               ro code  0x08040e30      0x4  startup_stm32f407xx.o [1]
  .text               ro code  0x08040e34      0x4  startup_stm32f407xx.o [1]
  .text               ro code  0x08040e38      0x4  startup_stm32f407xx.o [1]
  .text               ro code  0x08040e3c      0x4  startup_stm32f407xx.o [1]
  .text               ro code  0x08040e40      0x4  startup_stm32f407xx.o [1]
  .text               ro code  0x08040e44      0x4  startup_stm32f407xx.o [1]
  .text               ro code  0x08040e48      0x4  startup_stm32f407xx.o [1]
  .text               ro code  0x08040e4c      0x4  startup_stm32f407xx.o [1]
  .text               ro code  0x08040e50      0x4  startup_stm32f407xx.o [1]
  .text               ro code  0x08040e54      0x4  startup_stm32f407xx.o [1]
  .text               ro code  0x08040e58      0x4  startup_stm32f407xx.o [1]
  .text               ro code  0x08040e5c      0x4  startup_stm32f407xx.o [1]
  .text               ro code  0x08040e60      0x4  startup_stm32f407xx.o [1]
  .text               ro code  0x08040e64      0x4  startup_stm32f407xx.o [1]
  .text               ro code  0x08040e68      0x4  startup_stm32f407xx.o [1]
  .text               ro code  0x08040e6c      0x4  startup_stm32f407xx.o [1]
  .text               ro code  0x08040e70      0x4  startup_stm32f407xx.o [1]
  .text               ro code  0x08040e74      0x4  startup_stm32f407xx.o [1]
  .text               ro code  0x08040e78      0x4  startup_stm32f407xx.o [1]
  .text               ro code  0x08040e7c      0x4  startup_stm32f407xx.o [1]
  .text               ro code  0x08040e80      0x4  startup_stm32f407xx.o [1]
  .text               ro code  0x08040e84      0x4  startup_stm32f407xx.o [1]
  .text               ro code  0x08040e88      0x4  startup_stm32f407xx.o [1]
  .text               ro code  0x08040e8c      0x4  startup_stm32f407xx.o [1]
  .text               ro code  0x08040e90      0x4  startup_stm32f407xx.o [1]
  .text               ro code  0x08040e94      0x4  startup_stm32f407xx.o [1]
  .text               ro code  0x08040e98      0x4  startup_stm32f407xx.o [1]
  .text               ro code  0x08040e9c      0x4  startup_stm32f407xx.o [1]
  .text               ro code  0x08040ea0      0x4  startup_stm32f407xx.o [1]
  .text               ro code  0x08040ea4      0x4  startup_stm32f407xx.o [1]
  .text               ro code  0x08040ea8      0x4  startup_stm32f407xx.o [1]
  .text               ro code  0x08040eac      0x4  startup_stm32f407xx.o [1]
  .text               ro code  0x08040eb0      0x4  startup_stm32f407xx.o [1]
  .text               ro code  0x08040eb4      0x4  startup_stm32f407xx.o [1]
  .text               ro code  0x08040eb8      0x4  startup_stm32f407xx.o [1]
  .text               ro code  0x08040ebc      0x4  startup_stm32f407xx.o [1]
  .text               ro code  0x08040ec0      0x4  startup_stm32f407xx.o [1]
  .text               ro code  0x08040ec4      0x4  startup_stm32f407xx.o [1]
  .text               ro code  0x08040ec8      0x4  startup_stm32f407xx.o [1]
  .text               ro code  0x08040ecc      0x4  startup_stm32f407xx.o [1]
  .text               ro code  0x08040ed0      0x4  startup_stm32f407xx.o [1]
  .text               ro code  0x08040ed4      0x4  startup_stm32f407xx.o [1]
  .text               ro code  0x08040ed8      0x4  startup_stm32f407xx.o [1]
  .text               ro code  0x08040edc      0x4  startup_stm32f407xx.o [1]
  .text               ro code  0x08040ee0      0x4  startup_stm32f407xx.o [1]
  .text               ro code  0x08040ee4      0x4  startup_stm32f407xx.o [1]
  .text               ro code  0x08040ee8      0x4  startup_stm32f407xx.o [1]
  .text               ro code  0x08040eec      0x4  startup_stm32f407xx.o [1]
  .text               ro code  0x08040ef0      0x4  startup_stm32f407xx.o [1]
  .text               ro code  0x08040ef4      0x4  startup_stm32f407xx.o [1]
  .text               ro code  0x08040ef8      0x4  startup_stm32f407xx.o [1]
  .text               ro code  0x08040efc      0x4  startup_stm32f407xx.o [1]
  .text               ro code  0x08040f00      0x4  startup_stm32f407xx.o [1]
  .text               ro code  0x08040f04      0x4  startup_stm32f407xx.o [1]
  .text               ro code  0x08040f08      0x4  startup_stm32f407xx.o [1]
  .text               ro code  0x08040f0c      0x4  startup_stm32f407xx.o [1]
  .text               ro code  0x08040f10      0x4  startup_stm32f407xx.o [1]
  .rodata             const    0x08040f14      0x0  zero_init3.o [5]
  .rodata             const    0x08040f14      0x0  packbits_init_single.o [5]
  Initializer bytes   const    0x08040f14     0x4a  <for P3-1>
                             - 0x08040f5e  0x30dd6

"P1":                                       0x4b00
  EXTCCRAM            zero     0x10000000   0x4b00  dtg.o [1]
                             - 0x10004b00   0x4b00

"P3", part 1 of 3:                           0x207
  P3-1                         0x20000000    0x207  <Init block>
    .data             inited   0x20000000      0x4  port.o [1]
    .data             inited   0x20000004      0x4  system_stm32f4xx.o [1]
    .data             inited   0x20000008     0x20  usbh_msc.o [1]
    .data             inited   0x20000028     0x14  usbuser.o [1]
    __DLIB_PERTHREAD  inited   0x2000003c     0x8c  rand.o [3]
    __DLIB_PERTHREAD  inited   0x200000c8     0x2c  xttotm.o [3]
    __DLIB_PERTHREAD  inited   0x200000f4      0x8  localtim.o [3]
    __DLIB_PERTHREAD  inited   0x200000fc     0x88  localeconv.o [3]
    __DLIB_PERTHREAD  inited   0x20000184      0x4  errno.o [3]
    __DLIB_PERTHREAD  inited   0x20000188     0x74  setlocale.o [3]
    __DLIB_PERTHREAD  inited   0x200001fc      0x4  xisdst.o [3]
    __DLIB_PERTHREAD  inited   0x20000200      0x4  xisdstData.o [3]
    .data             inited   0x20000204      0x1  cli.o [1]
    .data             inited   0x20000205      0x1  modem.o [1]
    .data             inited   0x20000206      0x1  modem.o [1]
                             - 0x20000207    0x207

"P3", part 2 of 3:                          0x6000
  CSTACK                       0x20000208   0x4000  <Block>
    CSTACK            uninit   0x20000208   0x4000  <Block tail>
  HEAP                         0x20004208   0x2000  <Block>
    HEAP              uninit   0x20004208   0x2000  <Block tail>
                             - 0x20006208   0x6000

"P3", part 3 of 3:                          0xdd24
  .bss                zero     0x20006208   0x4000  heap_4.o [1]
  .bss                zero     0x2000a208   0x1800  modem.o [1]
  .bss                zero     0x2000ba08   0x110c  modem.o [1]
  .bss                zero     0x2000cb14   0x1028  modem_Loop.o [1]
  .bss                zero     0x2000db3c   0x1000  fsmc_nand.o [1]
  .bss                zero     0x2000eb3c   0x1000  test_jig.o [1]
  .bss                zero     0x2000fb3c    0x400  cli.o [1]
  .bss                zero     0x2000ff3c    0x400  fsmc_nand.o [1]
  .bss                zero     0x2001033c    0x400  modem_tool.o [1]
  .bss                zero     0x2001073c    0x3c8  usb_host.o [1]
  .bss                zero     0x20010b04    0x358  nmeap.o [1]
  .bss                zero     0x20010e5c    0x298  usbh_conf.o [1]
  .bss                zero     0x200110f4    0x234  fatfs.o [1]
  .bss                zero     0x20011328    0x228  dtg.o [1]
  .bss                zero     0x20011550    0x228  fatfs.o [1]
  .bss                zero     0x20011778    0x200  cli.o [1]
  .bss                zero     0x20011978    0x200  cli.o [1]
  .bss                zero     0x20011b78    0x200  nmeap.o [1]
  .bss                zero     0x20011d78    0x1d8  dlmalloc.o [3]
  .bss                zero     0x20011f50    0x140  ble.o [1]
  .bss                zero     0x20012090    0x140  modem.o [1]
  .bss                zero     0x200121d0    0x118  usbuser.o [1]
  .bss                zero     0x200122e8    0x100  ble.o [1]
  .bss                zero     0x200123e8    0x100  ble.o [1]
  .bss                zero     0x200124e8    0x100  modem.o [1]
  .bss                zero     0x200125e8    0x100  modem_tool.o [1]
  .bss                zero     0x200126e8    0x100  usbuser.o [1]
  .bss                zero     0x200127e8     0xf0  tasks.o [1]
  .bss                zero     0x200128d8     0xe0  ble.o [1]
  .bss                zero     0x200129b8     0xe0  dtg.o [1]
  .bss                zero     0x20012a98     0xe0  usbuser.o [1]
  .bss                zero     0x20012b78     0xe0  usbuser.o [1]
  .bss                zero     0x20012c58     0x8c  modem.o [1]
  .bss                zero     0x20012ce4     0x80  cli.o [1]
  .bss                zero     0x20012d64     0x80  dtg.o [1]
  .bss                zero     0x20012de4     0x80  usbuser.o [1]
  .bss                zero     0x20012e64     0x78  modem.o [1]
  .bss                zero     0x20012edc     0x6c  sys_struct.o [1]
  .bss                zero     0x20012f48     0x68  fsmc_nand.o [1]
  .bss                zero     0x20012fb0     0x64  ble.o [1]
  .bss                zero     0x20013014     0x64  modem.o [1]
  .bss                zero     0x20013078     0x64  rtc.o [1]
  .bss                zero     0x200130dc     0x60  adc.o [1]
  .bss                zero     0x2001313c     0x60  ble.o [1]
  .bss                zero     0x2001319c     0x50  modem_sms.o [1]
  .bss                zero     0x200131ec     0x48  adc.o [1]
  .bss                zero     0x20013234     0x44  can.o [1]
  .bss                zero     0x20013278     0x44  can.o [1]
  .bss                zero     0x200132bc     0x40  dtg.o [1]
  .bss                zero     0x200132fc     0x40  dtg.o [1]
  .bss                zero     0x2001333c     0x40  fsmc_nand.o [1]
  .bss                zero     0x2001337c     0x40  modem.o [1]
  .bss                zero     0x200133bc     0x40  modem.o [1]
  .bss                zero     0x200133fc     0x40  modem.o [1]
  .bss                zero     0x2001343c     0x40  modem.o [1]
  .bss                zero     0x2001347c     0x40  queue.o [1]
  .bss                zero     0x200134bc     0x40  uart.o [1]
  .bss                zero     0x200134fc     0x40  uart.o [1]
  .bss                zero     0x2001353c     0x40  uart.o [1]
  .bss                zero     0x2001357c     0x40  uart.o [1]
  .bss                zero     0x200135bc     0x40  uart.o [1]
  .bss                zero     0x200135fc     0x40  uart.o [1]
  .bss                zero     0x2001363c     0x40  usbuser.o [1]
  .bss                zero     0x2001367c     0x3c  gui.o [1]
  .bss                zero     0x200136b8     0x3c  stm32f4xx_hal_timebase_TIM.o [1]
  .bss                zero     0x200136f4     0x3c  timer.o [1]
  .bss                zero     0x20013730     0x3c  timer.o [1]
  .bss                zero     0x2001376c     0x3c  timer.o [1]
  .bss                zero     0x200137a8     0x3c  usbuser.o [1]
  .bss                zero     0x200137e4     0x34  usbuser.o [1]
  .bss                zero     0x20013818     0x38  nmeap.o [1]
  .bss                zero     0x20013850     0x38  nmeap.o [1]
  .bss                zero     0x20013888     0x24  can.o [1]
  .bss                zero     0x200138ac     0x24  can.o [1]
  .bss                zero     0x200138d0     0x20  cli.o [1]
  .bss                zero     0x200138f0     0x20  cli.o [1]
  .bss                zero     0x20013910     0x20  cli.o [1]
  .bss                zero     0x20013930     0x20  gui.o [1]
  .bss                zero     0x20013950     0x20  modem.o [1]
  .bss                zero     0x20013970     0x20  modem.o [1]
  .bss                zero     0x20013990     0x20  modem.o [1]
  .bss                zero     0x200139b0     0x20  rtc.o [1]
  .bss                zero     0x200139d0     0x1c  can.o [1]
  .bss                zero     0x200139ec     0x1c  can.o [1]
  .bss                zero     0x20013a08     0x1c  can.o [1]
  .bss                zero     0x20013a24     0x1c  can.o [1]
  .bss                zero     0x20013a40     0x18  ble.o [1]
  .bss                zero     0x20013a58     0x18  dtg.o [1]
  .bss                zero     0x20013a70     0x18  nmeap.o [1]
  .bss                zero     0x20013a88     0x18  dlmalloc.o [3]
  .bss                zero     0x20013aa0     0x14  modem.o [1]
  .bss                zero     0x20013ab4     0x14  modem_sms.o [1]
  .bss                zero     0x20013ac8     0x14  tasks.o [1]
  .bss                zero     0x20013adc     0x14  tasks.o [1]
  .bss                zero     0x20013af0     0x14  tasks.o [1]
  .bss                zero     0x20013b04     0x14  tasks.o [1]
  .bss                zero     0x20013b18     0x14  tasks.o [1]
  .bss                zero     0x20013b2c     0x14  timers.o [1]
  .bss                zero     0x20013b40     0x14  timers.o [1]
  .bss                zero     0x20013b54     0x14  usbuser.o [1]
  .bss                zero     0x20013b68     0x14  usbuser.o [1]
  .bss                zero     0x20013b7c      0xc  dtg.o [1]
  .bss                zero     0x20013b88      0xc  dtg.o [1]
  .bss                zero     0x20013b94      0xc  extern.o [1]
  .bss                zero     0x20013ba0      0xc  ff_gen_drv.o [1]
  .bss                zero     0x20013bac      0xc  fsmc_nand.o [1]
  .bss                zero     0x20013bb8      0xc  main.o [1]
  .bss                zero     0x20013bc4      0xc  modem.o [1]
  .bss                zero     0x20013bd0      0xc  modem.o [1]
  .bss                zero     0x20013bdc      0xc  modem_sms.o [1]
  .bss                zero     0x20013be8      0x8  ble.o [1]
  .bss                zero     0x20013bf0      0x8  dtg.o [1]
  .bss                zero     0x20013bf8      0x8  gui.o [1]
  .bss                zero     0x20013c00      0x8  heap_4.o [1]
  .bss                zero     0x20013c08      0x8  i2c_gsensor.o [1]
  .bss                zero     0x20013c10      0x8  i2c_gsensor.o [1]
  .bss                zero     0x20013c18      0x8  i2c_gsensor.o [1]
  .bss                zero     0x20013c20      0x8  i2c_gsensor.o [1]
  .bss                zero     0x20013c28      0x8  i2c_gsensor.o [1]
  .bss                zero     0x20013c30      0x8  modem_Loop.o [1]
  .bss                zero     0x20013c38      0x8  rtc.o [1]
  .bss                zero     0x20013c40      0x8  test_jig.o [1]
  .bss                zero     0x20013c48      0x8  usbuser.o [1]
  .bss                zero     0x20013c50      0x8  usbuser.o [1]
  .bss                zero     0x20013c58      0x4  ble.o [1]
  .bss                zero     0x20013c5c      0x4  ble.o [1]
  .bss                zero     0x20013c60      0x4  ble.o [1]
  .bss                zero     0x20013c64      0x4  ble.o [1]
  .bss                zero     0x20013c68      0x4  ble.o [1]
  .bss                zero     0x20013c6c      0x4  can.o [1]
  .bss                zero     0x20013c70      0x4  can.o [1]
  .bss                zero     0x20013c74      0x4  cli.o [1]
  .bss                zero     0x20013c78      0x4  cli.o [1]
  .bss                zero     0x20013c7c      0x4  cli.o [1]
  .bss                zero     0x20013c80      0x4  cli.o [1]
  .bss                zero     0x20013c84      0x4  cli.o [1]
  .bss                zero     0x20013c88      0x4  debug.o [1]
  .bss                zero     0x20013c8c      0x4  dtg.o [1]
  .bss                zero     0x20013c90      0x4  dtg.o [1]
  .bss                zero     0x20013c94      0x4  dtg.o [1]
  .bss                zero     0x20013c98      0x4  dtg.o [1]
  .bss                zero     0x20013c9c      0x4  dtg.o [1]
  .bss                zero     0x20013ca0      0x4  dtg.o [1]
  .bss                zero     0x20013ca4      0x4  dtg.o [1]
  .bss                zero     0x20013ca8      0x4  dtg.o [1]
  .bss                zero     0x20013cac      0x4  dtg.o [1]
  .bss                zero     0x20013cb0      0x4  dtg.o [1]
  .bss                zero     0x20013cb4      0x4  dtg.o [1]
  .bss                zero     0x20013cb8      0x4  dtg.o [1]
  .bss                zero     0x20013cbc      0x4  dtg.o [1]
  .bss                zero     0x20013cc0      0x4  dtg.o [1]
  .bss                zero     0x20013cc4      0x4  dtg.o [1]
  .bss                zero     0x20013cc8      0x4  dtg.o [1]
  .bss                zero     0x20013ccc      0x4  dtg.o [1]
  .bss                zero     0x20013cd0      0x4  dtg.o [1]
  .bss                zero     0x20013cd4      0x4  dtg.o [1]
  .bss                zero     0x20013cd8      0x4  dtg.o [1]
  .bss                zero     0x20013cdc      0x4  dtg.o [1]
  .bss                zero     0x20013ce0      0x4  dtg.o [1]
  .bss                zero     0x20013ce4      0x4  dtg.o [1]
  .bss                zero     0x20013ce8      0x4  extern.o [1]
  .bss                zero     0x20013cec      0x4  extern.o [1]
  .bss                zero     0x20013cf0      0x4  extern.o [1]
  .bss                zero     0x20013cf4      0x4  fatfs.o [1]
  .bss                zero     0x20013cf8      0x4  ff.o [1]
  .bss                zero     0x20013cfc      0x4  fsmc_nand.o [1]
  .bss                zero     0x20013d00      0x4  fsmc_nand.o [1]
  .bss                zero     0x20013d04      0x4  fsmc_nand.o [1]
  .bss                zero     0x20013d08      0x4  gui.o [1]
  .bss                zero     0x20013d0c      0x4  gui.o [1]
  .bss                zero     0x20013d10      0x4  gui.o [1]
  .bss                zero     0x20013d14      0x4  gui.o [1]
  .bss                zero     0x20013d18      0x4  gui.o [1]
  .bss                zero     0x20013d1c      0x4  gui.o [1]
  .bss                zero     0x20013d20      0x4  gui.o [1]
  .bss                zero     0x20013d24      0x4  heap_4.o [1]
  .bss                zero     0x20013d28      0x4  heap_4.o [1]
  .bss                zero     0x20013d2c      0x4  heap_4.o [1]
  .bss                zero     0x20013d30      0x4  heap_4.o [1]
  .bss                zero     0x20013d34      0x4  i2c_fram.o [1]
  .bss                zero     0x20013d38      0x4  i2c_lcd.o [1]
  .bss                zero     0x20013d3c      0x4  main.o [1]
  .bss                zero     0x20013d40      0x4  main.o [1]
  .bss                zero     0x20013d44      0x4  main.o [1]
  .bss                zero     0x20013d48      0x4  main.o [1]
  .bss                zero     0x20013d4c      0x4  main.o [1]
  .bss                zero     0x20013d50      0x4  main.o [1]
  .bss                zero     0x20013d54      0x4  main.o [1]
  .bss                zero     0x20013d58      0x4  main.o [1]
  .bss                zero     0x20013d5c      0x4  main.o [1]
  .bss                zero     0x20013d60      0x4  main.o [1]
  .bss                zero     0x20013d64      0x4  main.o [1]
  .bss                zero     0x20013d68      0x4  modem.o [1]
  .bss                zero     0x20013d6c      0x4  modem.o [1]
  .bss                zero     0x20013d70      0x4  modem.o [1]
  .bss                zero     0x20013d74      0x4  modem.o [1]
  .bss                zero     0x20013d78      0x4  modem.o [1]
  .bss                zero     0x20013d7c      0x4  modem.o [1]
  .bss                zero     0x20013d80      0x4  modem.o [1]
  .bss                zero     0x20013d84      0x4  modem.o [1]
  .bss                zero     0x20013d88      0x4  modem.o [1]
  .bss                zero     0x20013d8c      0x4  modem.o [1]
  .bss                zero     0x20013d90      0x4  modem.o [1]
  .bss                zero     0x20013d94      0x4  modem.o [1]
  .bss                zero     0x20013d98      0x4  modem.o [1]
  .bss                zero     0x20013d9c      0x4  modem_Loop.o [1]
  .bss                zero     0x20013da0      0x4  modem_Loop.o [1]
  .bss                zero     0x20013da4      0x4  modem_Loop.o [1]
  .bss                zero     0x20013da8      0x4  modem_sms.o [1]
  .bss                zero     0x20013dac      0x4  modem_sms.o [1]
  .bss                zero     0x20013db0      0x4  port.o [1]
  .bss                zero     0x20013db4      0x4  rtc.o [1]
  .bss                zero     0x20013db8      0x4  rtc.o [1]
  .bss                zero     0x20013dbc      0x4  spi_flash.o [1]
  .bss                zero     0x20013dc0      0x4  stm32f4xx_hal.o [1]
  .bss                zero     0x20013dc4      0x4  stm32f4xx_hal_msp.o [1]
  .bss                zero     0x20013dc8      0x4  stm32f4xx_hal_msp.o [1]
  .bss                zero     0x20013dcc      0x4  tasks.o [1]
  .bss                zero     0x20013dd0      0x4  tasks.o [1]
  .bss                zero     0x20013dd4      0x4  tasks.o [1]
  .bss                zero     0x20013dd8      0x4  tasks.o [1]
  .bss                zero     0x20013ddc      0x4  tasks.o [1]
  .bss                zero     0x20013de0      0x4  tasks.o [1]
  .bss                zero     0x20013de4      0x4  tasks.o [1]
  .bss                zero     0x20013de8      0x4  tasks.o [1]
  .bss                zero     0x20013dec      0x4  tasks.o [1]
  .bss                zero     0x20013df0      0x4  tasks.o [1]
  .bss                zero     0x20013df4      0x4  tasks.o [1]
  .bss                zero     0x20013df8      0x4  tasks.o [1]
  .bss                zero     0x20013dfc      0x4  tasks.o [1]
  .bss                zero     0x20013e00      0x4  tasks.o [1]
  .bss                zero     0x20013e04      0x4  tasks.o [1]
  .bss                zero     0x20013e08      0x4  test_jig.o [1]
  .bss                zero     0x20013e0c      0x4  timer.o [1]
  .bss                zero     0x20013e10      0x4  timers.o [1]
  .bss                zero     0x20013e14      0x4  timers.o [1]
  .bss                zero     0x20013e18      0x4  timers.o [1]
  .bss                zero     0x20013e1c      0x4  timers.o [1]
  .bss                zero     0x20013e20      0x4  timers.o [1]
  .bss                zero     0x20013e24      0x4  usbuser.o [1]
  .bss                zero     0x20013e28      0x4  usbuser.o [1]
  .bss                zero     0x20013e2c      0x4  usbuser.o [1]
  .bss                zero     0x20013e30      0x4  xgetmemchunk.o [3]
  .bss                zero     0x20013e34      0x2  adc.o [1]
  .bss                zero     0x20013e36      0x2  ble.o [1]
  .bss                zero     0x20013e38      0x2  ble.o [1]
  .bss                zero     0x20013e3a      0x2  ble.o [1]
  .bss                zero     0x20013e3c      0x2  ble.o [1]
  .bss                zero     0x20013e3e      0x2  ble.o [1]
  .bss                zero     0x20013e40      0x2  ble.o [1]
  .bss                zero     0x20013e42      0x2  cli.o [1]
  .bss                zero     0x20013e44      0x2  cli.o [1]
  .bss                zero     0x20013e46      0x2  cli.o [1]
  .bss                zero     0x20013e48      0x2  dtg.o [1]
  .bss                zero     0x20013e4a      0x2  dtg.o [1]
  .bss                zero     0x20013e4c      0x2  dtg.o [1]
  .bss                zero     0x20013e4e      0x2  dtg.o [1]
  .bss                zero     0x20013e50      0x2  dtg.o [1]
  .bss                zero     0x20013e52      0x2  dtg.o [1]
  .bss                zero     0x20013e54      0x2  dtg.o [1]
  .bss                zero     0x20013e56      0x2  dtg.o [1]
  .bss                zero     0x20013e58      0x2  ff.o [1]
  .bss                zero     0x20013e5a      0x2  fsmc_nand.o [1]
  .bss                zero     0x20013e5c      0x2  fsmc_nand.o [1]
  .bss                zero     0x20013e5e      0x2  fsmc_nand.o [1]
  .bss                zero     0x20013e60      0x2  fsmc_nand.o [1]
  .bss                zero     0x20013e62      0x2  gui.o [1]
  .bss                zero     0x20013e64      0x2  gui.o [1]
  .bss                zero     0x20013e66      0x2  gui.o [1]
  .bss                zero     0x20013e68      0x2  gui.o [1]
  .bss                zero     0x20013e6a      0x2  gui.o [1]
  .bss                zero     0x20013e6c      0x2  gui.o [1]
  .bss                zero     0x20013e6e      0x2  gui.o [1]
  .bss                zero     0x20013e70      0x2  modem.o [1]
  .bss                zero     0x20013e72      0x2  modem.o [1]
  .bss                zero     0x20013e74      0x2  modem.o [1]
  .bss                zero     0x20013e76      0x2  modem.o [1]
  .bss                zero     0x20013e78      0x2  modem_sms.o [1]
  .bss                zero     0x20013e7a      0x2  modem_tool.o [1]
  .bss                zero     0x20013e7c      0x2  modem_tool.o [1]
  .bss                zero     0x20013e7e      0x2  nmeap.o [1]
  .bss                zero     0x20013e80      0x2  nmeap.o [1]
  .bss                zero     0x20013e82      0x2  test_jig.o [1]
  .bss                zero     0x20013e84      0x2  test_jig.o [1]
  .bss                zero     0x20013e86      0x1  ble.o [1]
  .bss                zero     0x20013e87      0x1  ble.o [1]
  .bss                zero     0x20013e88      0x1  ble.o [1]
  .bss                zero     0x20013e89      0x1  ble.o [1]
  .bss                zero     0x20013e8a      0x1  ble.o [1]
  .bss                zero     0x20013e8b      0x1  ble.o [1]
  .bss                zero     0x20013e8c      0x1  ble.o [1]
  .bss                zero     0x20013e8d      0x1  ble.o [1]
  .bss                zero     0x20013e8e      0x1  ble.o [1]
  .bss                zero     0x20013e8f      0x1  ble.o [1]
  .bss                zero     0x20013e90      0x1  ble.o [1]
  .bss                zero     0x20013e91      0x1  ble.o [1]
  .bss                zero     0x20013e92      0x1  can.o [1]
  .bss                zero     0x20013e93      0x1  can.o [1]
  .bss                zero     0x20013e94      0x1  can.o [1]
  .bss                zero     0x20013e95      0x1  cli.o [1]
  .bss                zero     0x20013e96      0x1  dtg.o [1]
  .bss                zero     0x20013e97      0x1  dtg.o [1]
  .bss                zero     0x20013e98      0x1  dtg.o [1]
  .bss                zero     0x20013e99      0x1  dtg.o [1]
  .bss                zero     0x20013e9a      0x1  dtg.o [1]
  .bss                zero     0x20013e9b      0x1  dtg.o [1]
  .bss                zero     0x20013e9c      0x1  dtg.o [1]
  .bss                zero     0x20013e9d      0x1  dtg.o [1]
  .bss                zero     0x20013e9e      0x1  dtg.o [1]
  .bss                zero     0x20013e9f      0x1  dtg.o [1]
  .bss                zero     0x20013ea0      0x1  dtg.o [1]
  .bss                zero     0x20013ea1      0x1  dtg.o [1]
  .bss                zero     0x20013ea2      0x1  dtg.o [1]
  .bss                zero     0x20013ea3      0x1  dtg.o [1]
  .bss                zero     0x20013ea4      0x1  dtg.o [1]
  .bss                zero     0x20013ea5      0x1  dtg.o [1]
  .bss                zero     0x20013ea6      0x1  dtg.o [1]
  .bss                zero     0x20013ea7      0x1  dtg.o [1]
  .bss                zero     0x20013ea8      0x1  fatfs.o [1]
  .bss                zero     0x20013ea9      0x1  fsmc_nand.o [1]
  .bss                zero     0x20013eaa      0x1  fsmc_nand.o [1]
  .bss                zero     0x20013eab      0x1  gui.o [1]
  .bss                zero     0x20013eac      0x1  gui.o [1]
  .bss                zero     0x20013ead      0x1  gui.o [1]
  .bss                zero     0x20013eae      0x1  gui.o [1]
  .bss                zero     0x20013eaf      0x1  gui.o [1]
  .bss                zero     0x20013eb0      0x1  gui.o [1]
  .bss                zero     0x20013eb1      0x1  gui.o [1]
  .bss                zero     0x20013eb2      0x1  gui.o [1]
  .bss                zero     0x20013eb3      0x1  gui.o [1]
  .bss                zero     0x20013eb4      0x1  gui.o [1]
  .bss                zero     0x20013eb5      0x1  gui.o [1]
  .bss                zero     0x20013eb6      0x1  gui.o [1]
  .bss                zero     0x20013eb7      0x1  gui.o [1]
  .bss                zero     0x20013eb8      0x1  gui.o [1]
  .bss                zero     0x20013eb9      0x1  gui.o [1]
  .bss                zero     0x20013eba      0x1  gui.o [1]
  .bss                zero     0x20013ebb      0x1  gui.o [1]
  .bss                zero     0x20013ebc      0x1  gui.o [1]
  .bss                zero     0x20013ebd      0x1  gui.o [1]
  .bss                zero     0x20013ebe      0x1  gui.o [1]
  .bss                zero     0x20013ebf      0x1  gui.o [1]
  .bss                zero     0x20013ec0      0x1  gui.o [1]
  .bss                zero     0x20013ec1      0x1  gui.o [1]
  .bss                zero     0x20013ec2      0x1  gui.o [1]
  .bss                zero     0x20013ec3      0x1  gui.o [1]
  .bss                zero     0x20013ec4      0x1  gui.o [1]
  .bss                zero     0x20013ec5      0x1  gui.o [1]
  .bss                zero     0x20013ec6      0x1  i2c_fram.o [1]
  .bss                zero     0x20013ec7      0x1  i2c_fram.o [1]
  .bss                zero     0x20013ec8      0x1  i2c_gsensor.o [1]
[...]
htim4                   0x2001376c    0x3c  Data  Gb  timer.o [1]
huart1                  0x200134bc    0x40  Data  Gb  uart.o [1]
huart2                  0x200134fc    0x40  Data  Gb  uart.o [1]
huart3                  0x2001353c    0x40  Data  Gb  uart.o [1]
huart4                  0x2001357c    0x40  Data  Gb  uart.o [1]
huart5                  0x200135bc    0x40  Data  Gb  uart.o [1]
huart6                  0x200135fc    0x40  Data  Gb  uart.o [1]
i2c_read                0x08014645    0xfc  Code  Gb  i2c_fram.o [1]
i2c_read::__func__      0x08040910     0xc  Data  Lc  i2c_fram.o [1]
i2c_write               0x08014741    0x8a  Code  Gb  i2c_fram.o [1]
i2c_write::__func__     0x0804091c     0xc  Data  Lc  i2c_fram.o [1]
inHandlerMode           0x0801b19b    0x12  Code  Lc  cmsis_os.o [1]
init__millis            0x0802495b     0xa  Code  Gb  ble.o [1]
init_millis             0x080206e5     0xa  Code  Gb  extern.o [1]
init_mparams            0x0802f389    0x32  Code  Lc  dlmalloc.o [3]
init_top                0x0802f3bb    0x34  Code  Lc  dlmalloc.o [3]
isalnum                 0x0803d741    0x1a  Code  Gb  isalnum.o [3]
isalpha                 0x08031ce5    0x14  Code  Gb  isxxx.o [3]
isspace                 0x08031cf9    0x14  Code  Gb  isxxx.o [3]
isxdigit                0x0803d75b    0x1e  Code  Gb  isxdigit.o [3]
kprint_buf              0x20011978   0x200  Data  Lc  cli.o [1]
ks_code_conversion      0x08013f39    0x42  Code  Gb  i2c_lcd.o [1]
lcd_backlight           0x08013bc1    0x2c  Code  Gb  i2c_lcd.o [1]
lcd_big_printf          0x0801423f    0x48  Code  Gb  i2c_lcd.o [1]
lcd_bitmap              0x08013d0b    0x74  Code  Gb  i2c_lcd.o [1]
lcd_clear               0x08013b89    0x38  Code  Gb  i2c_lcd.o [1]
lcd_contrast            0x08013b3d    0x4c  Code  Gb  i2c_lcd.o [1]
lcd_delay_ms            0x080139a7    0x16  Code  Gb  i2c_lcd.o [1]
lcd_delay_us            0x08013999     0xe  Code  Gb  i2c_lcd.o [1]
lcd_draw_rect           0x08013d7f    0x3a  Code  Gb  i2c_lcd.o [1]
lcd_fill_box            0x08013db9    0x54  Code  Gb  i2c_lcd.o [1]
lcd_init                0x080139bd    0xc8  Code  Gb  i2c_lcd.o [1]
lcd_printf              0x08013e87    0x48  Code  Gb  i2c_lcd.o [1]
lcd_putc_big            0x08013ecf    0x6a  Code  Gb  i2c_lcd.o [1]
lcd_putc_han            0x08013f7b   0x14e  Code  Gb  i2c_lcd.o [1]
lcd_puts                0x08013e0d    0x7a  Code  Gb  i2c_lcd.o [1]
lcd_puts_big            0x08014111    0x9a  Code  Gb  i2c_lcd.o [1]
lcd_puts_big_len        0x080141ab    0x94  Code  Gb  i2c_lcd.o [1]
lcd_refresh             0x08013aad    0x90  Code  Gb  i2c_lcd.o [1]
lcd_reset               0x08013a85    0x28  Code  Gb  i2c_lcd.o [1]
lcd_send_cmd            0x08013c5d    0x44  Code  Gb  i2c_lcd.o [1]
lcd_send_data           0x08013ca1    0x44  Code  Gb  i2c_lcd.o [1]
lcd_set_xy              0x08013ce5    0x26  Code  Gb  i2c_lcd.o [1]
lcd_write               0x08013bed    0x70  Code  Gb  i2c_lcd.o [1]
ld_clust                0x0802667f    0x26  Code  Lc  ff.o [1]
ld_dword                0x08025f6d    0x18  Code  Lc  ff.o [1]
ld_word                 0x08025f5f     0xe  Code  Lc  ff.o [1]
lmos                    0x0802cb30    0x18  Data  Lc  xttotm.o [3]
localeconv              0x08030a6f    0x16  Code  Gb  localeconv.o [3]
m_ucCheckSum            0x20013e40     0x2  Data  Gb  ble.o [1]
m_ucRxDataCnt           0x20013e3e     0x2  Data  Gb  ble.o [1]
m_ucRxLength            0x20013e3c     0x2  Data  Gb  ble.o [1]
m_ucRxStep              0x20013e8e     0x1  Data  Gb  ble.o [1]
main                    0x08015289   0x1ac  Code  Gb  main.o [1]
makeFreeRtosPriority    0x0801b189    0x12  Code  Lc  cmsis_os.o [1]
mem_cmp                 0x08025fcb    0x1e  Code  Lc  ff.o [1]
mem_cpy                 0x08025fab    0x14  Code  Lc  ff.o [1]
mem_set                 0x08025fbf     0xc  Code  Lc  ff.o [1]
memchr                  0x0802f309          Code  Gb  memchr.o [5]
millis                  0x080206dd     0x8  Code  Gb  extern.o [1]
mos                     0x0802cb48    0x18  Data  Lc  xttotm.o [3]
move_window             0x08026051    0x3c  Code  Lc  ff.o [1]
mparams                 0x20013a88    0x18  Data  Lc  dlmalloc.o [3]
myTask01Handle          0x20013d40     0x4  Data  Gb  main.o [1]
myTask02Handle          0x20013d44     0x4  Data  Gb  main.o [1]
myTask03Handle          0x20013d48     0x4  Data  Gb  main.o [1]
myTask04Handle          0x20013d4c     0x4  Data  Gb  main.o [1]
myTask05Handle          0x20013d50     0x4  Data  Gb  main.o [1]
myTask06Handle          0x20013d54     0x4  Data  Gb  main.o [1]
myTask07Handle          0x20013d58     0x4  Data  Gb  main.o [1]
myTask08Handle          0x20013d5c     0x4  Data  Gb  main.o [1]
myTask09Handle          0x20013d60     0x4  Data  Gb  main.o [1]
myTimer01Handle         0x20013d64     0x4  Data  Gb  main.o [1]
ndigs                   0x08032464    0x28  Data  Lc  xstoul.o [3]
ndigs                   0x08031f3c    0x28  Data  Lc  xstoull.o [3]
nmea                    0x20010b04   0x358  Data  Lc  nmeap.o [1]
nmeap_addParser         0x0803cd47    0x72  Code  Gb  nmeap.o [1]
nmeap_altitude          0x0803cd11    0x36  Code  Gb  nmeap.o [1]
nmeap_gpgga             0x0803d0d1    0xe0  Code  Gb  nmeap.o [1]
nmeap_gpgsa             0x0803d28f    0x96  Code  Gb  nmeap.o [1]
nmeap_gprmc             0x0803d1b1    0xde  Code  Gb  nmeap.o [1]
nmeap_latitude          0x0803cb49    0xe2  Code  Gb  nmeap.o [1]
nmeap_longitude         0x0803cc2d    0xe2  Code  Gb  nmeap.o [1]
nmeap_parse             0x0803ce99   0x238  Code  Gb  nmeap.o [1]
nmeap_process           0x0803ce1d    0x7c  Code  Gb  nmeap.o [1]
nmeap_tokenize          0x0803cdc1    0x5c  Code  Gb  nmeap.o [1]
open_append             0x080283f9    0x30  Code  Gb  ff.o [1]
osDelay                 0x0801b1e5    0x16  Code  Gb  cmsis_os.o [1]
osKernelStart           0x0801b1ad     0xa  Code  Gb  cmsis_os.o [1]
osSemaphoreCreate       0x0801b289    0x2e  Code  Gb  cmsis_os.o [1]
osSemaphoreRelease      0x0801b32f    0x52  Code  Gb  cmsis_os.o [1]
osSemaphoreWait         0x0801b2b7    0x78  Code  Gb  cmsis_os.o [1]
osSystickHandler        0x0801b381    0x10  Code  Gb  cmsis_os.o [1]
osThreadCreate          0x0801b1b7    0x2e  Code  Gb  cmsis_os.o [1]
osTimerCreate           0x0801b1fb    0x20  Code  Gb  cmsis_os.o [1]
osTimerStart            0x0801b21b    0x6a  Code  Gb  cmsis_os.o [1]
os_semaphore_def_BSP_BKSramSem
                        0x08040e0c     0x4  Data  Gb  rtc.o [1]
os_semaphore_def_FSMC_NandSem
                        0x08040df4     0x4  Data  Gb  fsmc_nand.o [1]
os_semaphore_def_I2C_FramSem
                        0x08040dfc     0x4  Data  Gb  i2c_fram.o [1]
os_semaphore_def_SpiFlashDevSem
                        0x08040e10     0x4  Data  Gb  spi_flash.o [1]
os_semaphore_def_sem_0  0x08040dec     0x4  Data  Gb  cli.o [1]
os_semaphore_def_sem_1  0x08040df0     0x4  Data  Gb  cli.o [1]
os_semaphore_def_sem_lcd
                        0x08040e00     0x4  Data  Gb  i2c_lcd.o [1]
parsing_command         0x0801bb65    0xa0  Code  Gb  cli.o [1]
pcInterruptPriorityRegisters
                        0x08040e08     0x4  Data  Lc  port.o [1]
perPedal_ADC            0x20013cbc     0x4  Data  Gb  dtg.o [1]
pick_lfn                0x08026773    0x84  Code  Lc  ff.o [1]
pows                    0x080329f8    0x48  Data  Lc  xdtento.o [4]
prepend_alloc           0x0802f3ef   0x372  Code  Lc  dlmalloc.o [3]
print_gga               0x0803d325    0x3e  Code  Lc  nmeap.o [1]
print_gsa               0x0803d3c5    0x22  Code  Lc  nmeap.o [1]
print_rmc               0x0803d375    0x3e  Code  Lc  nmeap.o [1]
printd                  0x0801b8f1    0x4a  Code  Gb  cli.o [1]
printk                  0x0801b93b    0x70  Code  Gb  cli.o [1]
prompt                  0x0801b9ed    0x36  Code  Gb  cli.o [1]
prompt_buffer           0x200138d0    0x20  Data  Lc  cli.o [1]
prvAddCurrentTaskToDelayedList
                        0x080216f1    0x80  Code  Lc  tasks.o [1]
prvAddNewTaskToReadyList
                        0x08020e01    0xc0  Code  Lc  tasks.o [1]
prvCheckForValidListAndQueue
                        0x080296ff    0x4c  Code  Lc  timers.o [1]
prvCheckTasksWaitingTermination
                        0x08021495    0x64  Code  Lc  tasks.o [1]
prvCopyDataFromQueue    0x08029ec7    0x2a  Code  Lc  queue.o [1]
prvCopyDataToQueue      0x08029e41    0x86  Code  Lc  queue.o [1]
prvDeleteTCB            0x080214f9    0x12  Code  Lc  tasks.o [1]
prvGetNextExpireTime    0x0802951d    0x28  Code  Lc  timers.o [1]
prvHeapInit             0x0802e527    0x64  Code  Lc  heap_4.o [1]
prvIdleTask             0x08021405    0x28  Code  Lc  tasks.o [1]
prvInitialiseNewQueue   0x08029851    0x22  Code  Lc  queue.o [1]
prvInitialiseNewTask    0x08020d4f    0xb2  Code  Lc  tasks.o [1]
prvInitialiseNewTimer   0x0802937f    0x50  Code  Lc  timers.o [1]
prvInitialiseTaskLists  0x08021431    0x56  Code  Lc  tasks.o [1]
prvInsertBlockIntoFreeList
                        0x0802e58b    0x5c  Code  Lc  heap_4.o [1]
prvInsertTimerInActiveList
                        0x0802956d    0x3e  Code  Lc  timers.o [1]
prvIsQueueEmpty         0x08029f5f    0x1c  Code  Lc  queue.o [1]
prvIsQueueFull          0x08029f7b    0x1e  Code  Lc  queue.o [1]
prvProcessExpiredTimer  0x0802943d    0x5a  Code  Lc  timers.o [1]
prvProcessReceivedCommands
                        0x080295ab    0xd6  Code  Lc  timers.o [1]
prvProcessTimerOrBlockTask
                        0x080294ad    0x70  Code  Lc  timers.o [1]
prvResetNextTaskUnblockTime
                        0x0802150b    0x28  Code  Lc  tasks.o [1]
prvSampleTimeNow        0x08029545    0x28  Code  Lc  timers.o [1]
prvSampleTimeNow::xLastTime
                        0x20013e20     0x4  Data  Lc  timers.o [1]
prvSwitchTimerLists     0x08029681    0x7e  Code  Lc  timers.o [1]
prvTaskExitError        0x0802a039    0x2a  Code  Lc  port.o [1]
prvTimerCallback        0x08015899    0x16  Code  Gb  main.o [1]
prvTimerTask            0x08029499    0x14  Code  Lc  timers.o [1]
prvUnlockQueue          0x08029ef1    0x6e  Code  Lc  queue.o [1]
put_ch_console          0x0801b8e7     0xa  Code  Gb  cli.o [1]
put_fat                 0x08026207   0x112  Code  Lc  ff.o [1]
put_lfn                 0x080267f7    0x88  Code  Lc  ff.o [1]
putc_bfd                0x0802813d    0x4e  Code  Lc  ff.o [1]
putc_flush              0x0802818b    0x30  Code  Lc  ff.o [1]
putc_init               0x080281bb     0xc  Code  Lc  ff.o [1]
pvPortMalloc            0x0802e3a5   0x10c  Code  Gb  heap_4.o [1]
pvTaskIncrementMutexHeldCount
                        0x080216b9    0x1e  Code  Gb  tasks.o [1]
pxCurrentTCB            0x20013dcc     0x4  Data  Gb  tasks.o [1]
pxCurrentTimerList      0x20013e10     0x4  Data  Lc  timers.o [1]
pxDelayedTaskList       0x20013dd0     0x4  Data  Lc  tasks.o [1]
pxEnd                   0x20013d24     0x4  Data  Lc  heap_4.o [1]
pxOverflowDelayedTaskList
                        0x20013dd4     0x4  Data  Lc  tasks.o [1]
pxOverflowTimerList     0x20013e14     0x4  Data  Lc  timers.o [1]
pxPortInitialiseStack   0x0802a011    0x28  Code  Gb  port.o [1]
pxReadyTasksLists       0x200127e8    0xf0  Data  Lc  tasks.o [1]
rand                    0x0802e6f9    0xe0  Code  Gb  rand.o [3]
read_from_backup_sram   0x0801511f    0x9c  Code  Gb  rtc.o [1]
read_from_backup_sram::__func__
                        0x0803fde8    0x18  Data  Lc  rtc.o [1]
remove_chain            0x08026319    0x8a  Code  Lc  ff.o [1]
retUSBH                 0x20013ea8     0x1  Data  Gb  fatfs.o [1]
rmc                     0x20013850    0x38  Data  Gb  nmeap.o [1]
rtc_days_in_month       0x0804049c    0x10  Data  Gb  gui.o [1]
save_fdir               0x20013b68    0x14  Data  Gb  usbuser.o [1]
save_fname              0x200137a8    0x3c  Data  Gb  usbuser.o [1]
segment_holding         0x0802f36d    0x1c  Code  Lc  dlmalloc.o [3]
sem_lcd                 0x20013d38     0x4  Data  Gb  i2c_lcd.o [1]
sendATcommand           0x08015cd7    0xb2  Code  Gb  modem.o [1]
setPWM                  0x0801b7d1    0x92  Code  Gb  timer.o [1]
sprintf                 0x080217bd    0x34  Code  Gb  sprintf.o [3]
srand                   0x0802e6d9    0x20  Code  Gb  srand.o [3]
sscanf                  0x0802c6a9    0x24  Code  Gb  sscanf.o [3]
st_clust                0x080266a5    0x28  Code  Lc  ff.o [1]
st_dword                0x08025f93    0x18  Code  Lc  ff.o [1]
st_word                 0x08025f85     0xe  Code  Lc  ff.o [1]
strchr                  0x0802f2f1          Code  Gb  strchr.o [5]
strlen                  0x0802c731          Code  Gb  strlen.o [5]
strncmp                 0x0803d715    0x2c  Code  Gb  strncmp.o [3]
strstr                  0x080217b5     0x8  Code  Gb  modem_sms.o [1]
struct_init             0x08020375    0x56  Code  Gb  sys_struct.o [1]
sum_sfn                 0x0802692f    0x20  Code  Lc  ff.o [1]
sync_fs                 0x0802608d    0x98  Code  Lc  ff.o [1]
sync_window             0x08025ffd    0x54  Code  Lc  ff.o [1]
sys_alloc               0x0802f761   0x388  Code  Lc  dlmalloc.o [3]
sys_struct_init         0x080203cb     0xa  Code  Gb  sys_struct.o [1]
t_500mSec               0x20013ece     0x1  Data  Gb  main.o [1]
table_cho               0x0803fba8    0x18  Data  Gb  i2c_lcd.o [1]
table_jong              0x0803f6b8    0x20  Data  Gb  i2c_lcd.o [1]
table_joong             0x0803f698    0x20  Data  Gb  i2c_lcd.o [1]
tmalloc_large           0x0802faf5   0x380  Code  Lc  dlmalloc.o [3]
tmalloc_small           0x0802fe75   0x206  Code  Lc  dlmalloc.o [3]
tolower                 0x080324d7    0x14  Code  Gb  tolower.o [3]
uart_console            0x0801bc15   0x222  Code  Gb  cli.o [1]
uart_console::esc_mode  0x20013e95     0x1  Data  Lc  cli.o [1]
uart_console::line_ptr  0x20013c84     0x4  Data  Lc  cli.o [1]
ucHeap                  0x20006208  0x4000  Data  Lc  heap_4.o [1]
ucMaxSysCallPriority    0x20013f0c     0x1  Data  Lc  port.o [1]
uhPrescalerValue        0x20013e0c     0x4  Data  Gb  timer.o [1]
ulArgumentCount         0x20013c80     0x4  Data  Lc  cli.o [1]
ulMaxPRIGROUPValue      0x20013db0     0x4  Data  Lc  port.o [1]
uwTick                  0x20013dc0     0x4  Data  Gb  stm32f4xx_hal.o [1]
uxCriticalNesting       0x20000000     0x4  Data  Lc  port.o [1]
uxCurrentNumberOfTasks  0x20013ddc     0x4  Data  Lc  tasks.o [1]
uxDeletedTasksWaitingCleanUp
                        0x20013dd8     0x4  Data  Lc  tasks.o [1]
uxListRemove            0x0802e677    0x26  Code  Gb  list.o [1]
uxPendedTicks           0x20013dec     0x4  Data  Lc  tasks.o [1]
uxSchedulerSuspended    0x20013e04     0x4  Data  Lc  tasks.o [1]
uxTaskNumber            0x20013df8     0x4  Data  Lc  tasks.o [1]
uxTopReadyPriority      0x20013de4     0x4  Data  Lc  tasks.o [1]
vApplicationIdleHook    0x0802e69d     0x2  Code  Wk  freertos.o [1]
vApplicationStackOverflowHook
                        0x0802e69f     0x2  Code  Wk  freertos.o [1]
vListInitialise         0x0802e605    0x1e  Code  Gb  list.o [1]
vListInitialiseItem     0x0802e623     0x6  Code  Gb  list.o [1]
vListInsert             0x0802e641    0x36  Code  Gb  list.o [1]
vListInsertEnd          0x0802e629    0x18  Code  Gb  list.o [1]
vPortEnableVFP          0x0802ee29          Code  Gb  portasm.o [1]
vPortEnterCritical      0x0802a12f    0x3a  Code  Gb  port.o [1]
vPortExitCritical       0x0802a169    0x32  Code  Gb  port.o [1]
vPortFree               0x0802e4b1    0x76  Code  Gb  heap_4.o [1]
vPortSetupTimerInterrupt
                        0x0802a1c3    0x1a  Code  Wk  port.o [1]
vPortStartFirstTask     0x0802ee11          Code  Gb  portasm.o [1]
vPortValidateInterruptPriority
                        0x0802a1dd    0x4a  Code  Gb  port.o [1]
vQueueAddToRegistry     0x08029f99    0x24  Code  Gb  queue.o [1]
vQueueWaitForMessageRestricted
                        0x08029fc5    0x4a  Code  Gb  queue.o [1]
vTaskDelay              0x08020ec1    0x4c  Code  Gb  tasks.o [1]
vTaskMissedYield        0x080213f5     0xa  Code  Gb  tasks.o [1]
vTaskPlaceOnEventList   0x08021243    0x2e  Code  Gb  tasks.o [1]
vTaskPlaceOnEventListRestricted
                        0x08021271    0x38  Code  Gb  tasks.o [1]
vTaskPriorityInherit    0x08021555    0xa8  Code  Gb  tasks.o [1]
vTaskSetTimeOutState    0x08021347    0x26  Code  Gb  tasks.o [1]
vTaskStartScheduler     0x08020f0d    0x6e  Code  Gb  tasks.o [1]
vTaskSuspendAll         0x08020f7b    0x10  Code  Gb  tasks.o [1]
vTaskSwitchContext      0x080211a3    0xa0  Code  Gb  tasks.o [1]
validate                0x0802754b    0x40  Code  Lc  ff.o [1]
vsprintf                0x0801b87d    0x2c  Code  Gb  vsprintf.o [3]
writeArray              0x20000028    0x14  Data  Gb  usbuser.o [1]
xActiveTimerList1       0x20013b2c    0x14  Data  Lc  timers.o [1]
xActiveTimerList2       0x20013b40    0x14  Data  Lc  timers.o [1]
xBlockAllocatedBit      0x20013d30     0x4  Data  Lc  heap_4.o [1]
xDelayedTaskList1       0x20013ac8    0x14  Data  Lc  tasks.o [1]
xDelayedTaskList2       0x20013adc    0x14  Data  Lc  tasks.o [1]
xFreeBytesRemaining     0x20013d28     0x4  Data  Lc  heap_4.o [1]
xHeapStructSize         0x08040df8     0x4  Data  Lc  heap_4.o [1]
xIdleTaskHandle         0x20013e00     0x4  Data  Lc  tasks.o [1]
xMinimumEverFreeBytesRemaining
                        0x20013d2c     0x4  Data  Lc  heap_4.o [1]
xNextTaskUnblockTime    0x20013dfc     0x4  Data  Lc  tasks.o [1]
xNumOfOverflows         0x20013df4     0x4  Data  Lc  tasks.o [1]
xPendingReadyList       0x20013af0    0x14  Data  Lc  tasks.o [1]
xPortStartScheduler     0x0802a063    0xcc  Code  Gb  port.o [1]
xPortSysTickHandler     0x0802a19b    0x28  Code  Gb  port.o [1]
xQueueCreateCountingSemaphore
                        0x08029873    0x3c  Code  Gb  queue.o [1]
xQueueGenericCreate     0x08029807    0x4a  Code  Gb  queue.o [1]
xQueueGenericReceive    0x08029bd1   0x1be  Code  Gb  queue.o [1]
xQueueGenericReset      0x08029775    0x92  Code  Gb  queue.o [1]
xQueueGenericSend       0x080298af   0x196  Code  Gb  queue.o [1]
xQueueGenericSendFromISR
                        0x08029a45    0xd8  Code  Gb  queue.o [1]
xQueueGiveFromISR       0x08029b1d    0xb4  Code  Gb  queue.o [1]
xQueueReceiveFromISR    0x08029d8f    0xb2  Code  Gb  queue.o [1]
xQueueRegistry          0x2001347c    0x40  Data  Gb  queue.o [1]
xSchedulerRunning       0x20013de8     0x4  Data  Lc  tasks.o [1]
xStart                  0x20013c00     0x8  Data  Lc  heap_4.o [1]
xSuspendedTaskList      0x20013b18    0x14  Data  Lc  tasks.o [1]
xTaskCheckForTimeOut    0x08021375    0x80  Code  Gb  tasks.o [1]
xTaskCreate             0x08020cd9    0x76  Code  Gb  tasks.o [1]
xTaskGetSchedulerState  0x08021533    0x20  Code  Gb  tasks.o [1]
xTaskGetTickCount       0x08021085     0x8  Code  Gb  tasks.o [1]
xTaskIncrementTick      0x0802108d   0x116  Code  Gb  tasks.o [1]
xTaskPriorityDisinherit
                        0x080215fd    0xb2  Code  Gb  tasks.o [1]
xTaskRemoveFromEventList
                        0x080212c5    0x82  Code  Gb  tasks.o [1]
xTaskResumeAll          0x08020f8b    0xfa  Code  Gb  tasks.o [1]
xTasksWaitingTermination
                        0x20013b04    0x14  Data  Lc  tasks.o [1]
xTickCount              0x20013de0     0x4  Data  Lc  tasks.o [1]
xTimerCreate            0x0802934b    0x34  Code  Gb  timers.o [1]
xTimerCreateTimerTask   0x08029305    0x46  Code  Gb  timers.o [1]
xTimerGenericCommand    0x080293cf    0x6e  Code  Gb  timers.o [1]
xTimerQueue             0x20013e18     0x4  Data  Lc  timers.o [1]
xTimerTaskHandle        0x20013e1c     0x4  Data  Lc  timers.o [1]
xYieldPending           0x20013df0     0x4  Data  Lc  tasks.o [1]


[1] = E:\Today\240513_Limiter_Release_0513\V3.3.2.3_CC_Limiter_V2.0_ADC\EWARM\Mini_DTG\Obj
[2] = command line
[3] = dl7M_tlf.a
[4] = m7M_tls.a
[5] = rt7M_tl.a
[6] = shb_l.a

  167 157 bytes of readonly  code memory
   33 385 bytes of readonly  data memory
  100 904 bytes of readwrite data memory

Errors: none
Warnings: none
